

================================================================
== Vivado HLS Report for 'knn_cluster3'
================================================================
* Date:           Sun Sep  6 16:11:32 2020

* Version:        2019.2 (Build 2704478 on Wed Nov 06 22:10:23 MST 2019)
* Project:        dg_reg
* Solution:       knn_cluster3
* Product family: zynq
* Target device:  xc7z020-clg400-1


================================================================
== Performance Estimates
================================================================
+ Timing: 
    * Summary: 
    +--------+----------+----------+------------+
    |  Clock |  Target  | Estimated| Uncertainty|
    +--------+----------+----------+------------+
    |ap_clk  | 10.00 ns | 8.677 ns |   1.25 ns  |
    +--------+----------+----------+------------+

+ Latency: 
    * Summary: 
    +---------+---------+----------+----------+-----+-------+----------+
    |  Latency (cycles) |  Latency (absolute) |   Interval  | Pipeline |
    |   min   |   max   |    min   |    max   | min |  max  |   Type   |
    +---------+---------+----------+----------+-----+-------+----------+
    |    94134|   115738| 0.941 ms | 1.157 ms |  495|  36497| dataflow |
    +---------+---------+----------+----------+-----+-------+----------+

    + Detail: 
        * Instance: 
        +-----------------+--------------+---------+---------+----------+----------+-----+-------+---------+
        |                 |              |  Latency (cycles) |  Latency (absolute) |   Interval  | Pipeline|
        |     Instance    |    Module    |   min   |   max   |    min   |    max   | min |  max  |   Type  |
        +-----------------+--------------+---------+---------+----------+----------+-----+-------+---------+
        |update_knn15_U0  |update_knn15  |      494|    22098| 4.940 us | 0.221 ms |  494|  22098|   none  |
        |update_knn11_U0  |update_knn11  |      493|    36496| 4.930 us | 0.365 ms |  493|  36496|   none  |
        |update_knn12_U0  |update_knn12  |      493|    32896| 4.930 us | 0.329 ms |  493|  32896|   none  |
        |update_knn13_U0  |update_knn13  |      493|    29296| 4.930 us | 0.293 ms |  493|  29296|   none  |
        |update_knn14_U0  |update_knn14  |      493|    25696| 4.930 us | 0.257 ms |  493|  25696|   none  |
        +-----------------+--------------+---------+---------+----------+----------+-----+-------+---------+

        * Loop: 
        N/A



================================================================
== Utilization Estimates
================================================================
* Summary: 
+-----------------+---------+-------+--------+-------+-----+
|       Name      | BRAM_18K| DSP48E|   FF   |  LUT  | URAM|
+-----------------+---------+-------+--------+-------+-----+
|DSP              |        -|      -|       -|      -|    -|
|Expression       |        -|      -|       0|      2|    -|
|FIFO             |        8|      -|     264|    416|    -|
|Instance         |       40|      5|   13938|  22244|    0|
|Memory           |        -|      -|       -|      -|    -|
|Multiplexer      |        -|      -|       -|      -|    -|
|Register         |        -|      -|       -|      -|    -|
+-----------------+---------+-------+--------+-------+-----+
|Total            |       48|      5|   14202|  22662|    0|
+-----------------+---------+-------+--------+-------+-----+
|Available        |      280|    220|  106400|  53200|    0|
+-----------------+---------+-------+--------+-------+-----+
|Utilization (%)  |       17|      2|      13|     42|    0|
+-----------------+---------+-------+--------+-------+-----+

+ Detail: 
    * Instance: 
    +-----------------+--------------+---------+-------+------+------+-----+
    |     Instance    |    Module    | BRAM_18K| DSP48E|  FF  |  LUT | URAM|
    +-----------------+--------------+---------+-------+------+------+-----+
    |update_knn11_U0  |update_knn11  |        8|      1|  2785|  4429|    0|
    |update_knn12_U0  |update_knn12  |        8|      1|  2788|  4446|    0|
    |update_knn13_U0  |update_knn13  |        8|      1|  2788|  4446|    0|
    |update_knn14_U0  |update_knn14  |        8|      1|  2788|  4446|    0|
    |update_knn15_U0  |update_knn15  |        8|      1|  2789|  4477|    0|
    +-----------------+--------------+---------+-------+------+------+-----+
    |Total            |              |       40|      5| 13938| 22244|    0|
    +-----------------+--------------+---------+-------+------+------+-----+

    * DSP48E: 
    N/A

    * Memory: 
    N/A

    * FIFO: 
    +----------------+---------+----+----+-----+------+-----+---------+
    |      Name      | BRAM_18K| FF | LUT| URAM| Depth| Bits| Size:D*B|
    +----------------+---------+----+----+-----+------+-----+---------+
    |knn_out1_V_V_U  |        2|  66|   0|    -|  1024|   32|    32768|
    |knn_out2_V_V_U  |        2|  66|   0|    -|  1024|   32|    32768|
    |knn_out3_V_V_U  |        2|  66|   0|    -|  1024|   32|    32768|
    |knn_out4_V_V_U  |        2|  66|   0|    -|  1024|   32|    32768|
    +----------------+---------+----+----+-----+------+-----+---------+
    |Total           |        8| 264|   0|    0|  4096|  128|   131072|
    +----------------+---------+----+----+-----+------+-----+---------+

    * Expression: 
    +--------------+----------+-------+---+----+------------+------------+
    | Variable Name| Operation| DSP48E| FF| LUT| Bitwidth P0| Bitwidth P1|
    +--------------+----------+-------+---+----+------------+------------+
    |ap_idle       |    and   |      0|  0|   2|           1|           1|
    +--------------+----------+-------+---+----+------------+------------+
    |Total         |          |      0|  0|   2|           1|           1|
    +--------------+----------+-------+---+----+------------+------------+

    * Multiplexer: 
    N/A

    * Register: 
    N/A



================================================================
== Interface
================================================================
* Summary: 
+---------------------+-----+-----+------------+--------------+--------------+
|      RTL Ports      | Dir | Bits|  Protocol  | Source Object|    C Type    |
+---------------------+-----+-----+------------+--------------+--------------+
|Input_1_V_V          |  in |   32|    ap_hs   |  Input_1_V_V |    pointer   |
|Input_1_V_V_ap_vld   |  in |    1|    ap_hs   |  Input_1_V_V |    pointer   |
|Input_1_V_V_ap_ack   | out |    1|    ap_hs   |  Input_1_V_V |    pointer   |
|Output_1_V_V         | out |   32|    ap_hs   | Output_1_V_V |    pointer   |
|Output_1_V_V_ap_vld  | out |    1|    ap_hs   | Output_1_V_V |    pointer   |
|Output_1_V_V_ap_ack  |  in |    1|    ap_hs   | Output_1_V_V |    pointer   |
|ap_clk               |  in |    1| ap_ctrl_hs | knn_cluster3 | return value |
|ap_rst               |  in |    1| ap_ctrl_hs | knn_cluster3 | return value |
|ap_start             |  in |    1| ap_ctrl_hs | knn_cluster3 | return value |
|ap_done              | out |    1| ap_ctrl_hs | knn_cluster3 | return value |
|ap_ready             | out |    1| ap_ctrl_hs | knn_cluster3 | return value |
|ap_idle              | out |    1| ap_ctrl_hs | knn_cluster3 | return value |
+---------------------+-----+-----+------------+--------------+--------------+

