

================================================================
== Vivado HLS Report for 'update_knn20'
================================================================
* Date:           Sun Sep  6 01:17:57 2020

* Version:        2019.2 (Build 2704478 on Wed Nov 06 22:10:23 MST 2019)
* Project:        update_knn20_prj
* Solution:       update_knn20
* Product family: zynq
* Target device:  xc7z020-clg400-1


================================================================
== Performance Estimates
================================================================
+ Timing: 
    * Summary: 
    +--------+---------+----------+------------+
    |  Clock |  Target | Estimated| Uncertainty|
    +--------+---------+----------+------------+
    |ap_clk  | 4.00 ns | 4.599 ns |   0.50 ns  |
    +--------+---------+----------+------------+

+ Latency: 
    * Summary: 
    +---------+---------+----------+-----------+-----+------+---------+
    |  Latency (cycles) |  Latency (absolute)  |  Interval  | Pipeline|
    |   min   |   max   |    min   |    max    | min |  max |   Type  |
    +---------+---------+----------+-----------+-----+------+---------+
    |      986|     4587| 4.535 us | 21.096 us |  986|  4587|   none  |
    +---------+---------+----------+-----------+-----+------+---------+

    + Detail: 
        * Instance: 
        +---------------------+----------+---------+---------+-----------+-----------+-----+-----+----------+
        |                     |          |  Latency (cycles) |   Latency (absolute)  |  Interval | Pipeline |
        |       Instance      |  Module  |   min   |   max   |    min    |    max    | min | max |   Type   |
        +---------------------+----------+---------+---------+-----------+-----------+-----+-----+----------+
        |grp_popcount_fu_644  |popcount  |        5|        5| 22.995 ns | 22.995 ns |    1|    1| function |
        +---------------------+----------+---------+---------+-----------+-----------+-----+-----+----------+

        * Loop: 
        +------------------------------+---------+---------+----------+-----------+-----------+------+----------+
        |                              |  Latency (cycles) | Iteration|  Initiation Interval  | Trip |          |
        |           Loop Name          |   min   |   max   |  Latency |  achieved |   target  | Count| Pipelined|
        +------------------------------+---------+---------+----------+-----------+-----------+------+----------+
        |- STORE_LOCAL                 |     3600|     3600|         8|          8|          1|   450|    yes   |
        |- TRAINING_LOOP_LANES         |      915|      915|        18|          2|          1|   450|    yes   |
        |- LANES_INSERTION_SORT_OUTER  |       26|       26|         7|          4|          1|     6|    yes   |
        |- INCREMENT                   |        7|        7|         4|          2|          1|     3|    yes   |
        +------------------------------+---------+---------+----------+-----------+-----------+------+----------+



================================================================
== Utilization Estimates
================================================================
* Summary: 
+-----------------+---------+-------+--------+-------+-----+
|       Name      | BRAM_18K| DSP48E|   FF   |  LUT  | URAM|
+-----------------+---------+-------+--------+-------+-----+
|DSP              |        -|      1|       -|      -|    -|
|Expression       |        -|      -|       0|   1396|    -|
|FIFO             |        -|      -|       -|      -|    -|
|Instance         |        -|      0|     545|   2076|    -|
|Memory           |        8|      -|       0|      0|    0|
|Multiplexer      |        -|      -|       -|    982|    -|
|Register         |        0|      -|    3065|    128|    -|
+-----------------+---------+-------+--------+-------+-----+
|Total            |        8|      1|    3610|   4582|    0|
+-----------------+---------+-------+--------+-------+-----+
|Available        |      280|    220|  106400|  53200|    0|
+-----------------+---------+-------+--------+-------+-----+
|Utilization (%)  |        2|   ~0  |       3|      8|    0|
+-----------------+---------+-------+--------+-------+-----+

+ Detail: 
    * Instance: 
    +--------------------------+----------------------+---------+-------+-----+------+-----+
    |         Instance         |        Module        | BRAM_18K| DSP48E|  FF |  LUT | URAM|
    +--------------------------+----------------------+---------+-------+-----+------+-----+
    |grp_popcount_fu_644       |popcount              |        0|      0|  482|  1489|    0|
    |update_knn20_mul_cud_U2   |update_knn20_mul_cud  |        0|      0|   63|     2|    0|
    |update_knn20_mux_dEe_U3   |update_knn20_mux_dEe  |        0|      0|    0|    65|    0|
    |update_knn20_mux_eOg_U4   |update_knn20_mux_eOg  |        0|      0|    0|    65|    0|
    |update_knn20_mux_fYi_U5   |update_knn20_mux_fYi  |        0|      0|    0|    65|    0|
    |update_knn20_mux_fYi_U6   |update_knn20_mux_fYi  |        0|      0|    0|    65|    0|
    |update_knn20_mux_fYi_U7   |update_knn20_mux_fYi  |        0|      0|    0|    65|    0|
    |update_knn20_mux_fYi_U8   |update_knn20_mux_fYi  |        0|      0|    0|    65|    0|
    |update_knn20_mux_fYi_U9   |update_knn20_mux_fYi  |        0|      0|    0|    65|    0|
    |update_knn20_mux_fYi_U10  |update_knn20_mux_fYi  |        0|      0|    0|    65|    0|
    |update_knn20_mux_fYi_U11  |update_knn20_mux_fYi  |        0|      0|    0|    65|    0|
    +--------------------------+----------------------+---------+-------+-----+------+-----+
    |Total                     |                      |        0|      0|  545|  2076|    0|
    +--------------------------+----------------------+---------+-------+-----+------+-----+

    * DSP48E: 
    +--------------------------+----------------------+-----------+
    |         Instance         |        Module        | Expression|
    +--------------------------+----------------------+-----------+
    |update_knn20_mul_g8j_U12  |update_knn20_mul_g8j  |  i0 * i1  |
    +--------------------------+----------------------+-----------+

    * Memory: 
    +------------------+----------------------+---------+---+----+-----+------+-----+------+-------------+
    |      Memory      |        Module        | BRAM_18K| FF| LUT| URAM| Words| Bits| Banks| W*Bits*Banks|
    +------------------+----------------------+---------+---+----+-----+------+-----+------+-------------+
    |training_set_V_U  |update_knn20_traibkb  |        8|  0|   0|    0|   450|  256|     1|       115200|
    +------------------+----------------------+---------+---+----+-----+------+-----+------+-------------+
    |Total             |                      |        8|  0|   0|    0|   450|  256|     1|       115200|
    +------------------+----------------------+---------+---+----+-----+------+-----+------+-------------+

    * FIFO: 
    N/A

    * Expression: 
    +----------------------------------+----------+-------+---+-----+------------+------------+
    |           Variable Name          | Operation| DSP48E| FF| LUT | Bitwidth P0| Bitwidth P1|
    +----------------------------------+----------+-------+---+-----+------------+------------+
    |add_ln4150_fu_1068_p2             |     +    |      0|  0|   12|           3|           3|
    |add_ln4454_1_fu_1175_p2           |     +    |      0|  0|   10|           1|           2|
    |add_ln4454_fu_1155_p2             |     +    |      0|  0|   12|           1|           3|
    |add_ln4463_fu_1211_p2             |     +    |      0|  0|   12|           3|           3|
    |add_ln7489_1_fu_838_p2            |     +    |      0|  0|   10|           1|           2|
    |add_ln7489_fu_818_p2              |     +    |      0|  0|   15|           1|           9|
    |add_ln7494_fu_919_p2              |     +    |      0|  0|   15|           9|           9|
    |i_1_fu_899_p2                     |     +    |      0|  0|   15|           8|           1|
    |i_2_fu_1607_p2                    |     +    |      0|  0|   10|           2|           1|
    |i_fu_689_p2                       |     +    |      0|  0|   15|           9|           1|
    |j_fu_1303_p2                      |     +    |      0|  0|   10|           1|           2|
    |vote_list_0_fu_1684_p2            |     +    |      0|  0|   39|           1|          32|
    |sub_ln4463_1_fu_1197_p2           |     -    |      0|  0|   12|           3|           3|
    |sub_ln4463_fu_1143_p2             |     -    |      0|  0|   12|           3|           3|
    |sub_ln7495_1_fu_875_p2            |     -    |      0|  0|   12|           3|           3|
    |sub_ln7495_fu_800_p2              |     -    |      0|  0|   12|           3|           3|
    |and_ln4479_1_fu_1457_p2           |    and   |      0|  0|    2|           1|           1|
    |and_ln4479_fu_1405_p2             |    and   |      0|  0|    2|           1|           1|
    |ap_block_state2                   |    and   |      0|  0|    2|           1|           1|
    |icmp_ln13_1_fu_1223_p2            |   icmp   |      0|  0|    9|           3|           1|
    |icmp_ln13_2_fu_1243_p2            |   icmp   |      0|  0|    9|           3|           2|
    |icmp_ln13_3_fu_1256_p2            |   icmp   |      0|  0|    9|           3|           2|
    |icmp_ln13_4_fu_1269_p2            |   icmp   |      0|  0|    9|           3|           4|
    |icmp_ln13_fu_1217_p2              |   icmp   |      0|  0|    9|           3|           1|
    |icmp_ln4141_1_fu_984_p2           |   icmp   |      0|  0|   13|           9|           9|
    |icmp_ln4141_2_fu_1018_p2          |   icmp   |      0|  0|   13|           9|           9|
    |icmp_ln4141_3_fu_887_p2           |   icmp   |      0|  0|    9|           3|           3|
    |icmp_ln4141_fu_806_p2             |   icmp   |      0|  0|    9|           3|           3|
    |icmp_ln4149_fu_1062_p2            |   icmp   |      0|  0|   18|          32|          32|
    |icmp_ln4454_fu_1149_p2            |   icmp   |      0|  0|    9|           3|           3|
    |icmp_ln4456_fu_1161_p2            |   icmp   |      0|  0|    8|           2|           2|
    |icmp_ln4463_1_fu_1297_p2          |   icmp   |      0|  0|   18|          32|          32|
    |icmp_ln4463_2_fu_1331_p2          |   icmp   |      0|  0|   18|          32|          32|
    |icmp_ln4463_3_fu_1346_p2          |   icmp   |      0|  0|    9|           4|           1|
    |icmp_ln4463_fu_1291_p2            |   icmp   |      0|  0|   18|          32|          32|
    |icmp_ln4474_1_fu_1433_p2          |   icmp   |      0|  0|   11|           6|           1|
    |icmp_ln4474_fu_1382_p2            |   icmp   |      0|  0|   11|           5|           1|
    |icmp_ln4479_1_fu_1438_p2          |   icmp   |      0|  0|   11|           6|           1|
    |icmp_ln4479_fu_1388_p2            |   icmp   |      0|  0|   11|           6|           2|
    |icmp_ln4520_fu_1601_p2            |   icmp   |      0|  0|    8|           2|           2|
    |icmp_ln4533_1_fu_1789_p2          |   icmp   |      0|  0|   18|          32|          32|
    |icmp_ln4533_2_fu_1840_p2          |   icmp   |      0|  0|   18|          32|          32|
    |icmp_ln4533_3_fu_1880_p2          |   icmp   |      0|  0|   18|          32|          32|
    |icmp_ln4533_4_fu_1924_p2          |   icmp   |      0|  0|   18|          32|          32|
    |icmp_ln4533_5_fu_1964_p2          |   icmp   |      0|  0|   18|          32|          32|
    |icmp_ln4533_6_fu_2004_p2          |   icmp   |      0|  0|   18|          32|          32|
    |icmp_ln4533_7_fu_2044_p2          |   icmp   |      0|  0|   18|          32|          32|
    |icmp_ln4533_8_fu_2080_p2          |   icmp   |      0|  0|   18|          32|          32|
    |icmp_ln4533_fu_1775_p2            |   icmp   |      0|  0|   18|          32|          32|
    |icmp_ln7432_fu_683_p2             |   icmp   |      0|  0|   13|           9|           7|
    |icmp_ln7489_fu_812_p2             |   icmp   |      0|  0|   13|           9|           7|
    |icmp_ln7491_fu_824_p2             |   icmp   |      0|  0|   11|           8|           6|
    |or_ln4141_fu_1046_p2              |    or    |      0|  0|    2|           1|           1|
    |min_distance_list_0_1_fu_1419_p3  |  select  |      0|  0|   32|           1|          32|
    |min_distance_list_0_2_fu_1426_p3  |  select  |      0|  0|   32|           1|          32|
    |min_distance_list_0_3_fu_1471_p3  |  select  |      0|  0|   32|           1|          32|
    |min_distance_list_0_4_fu_1479_p3  |  select  |      0|  0|   32|           1|          32|
    |min_distance_list_1_3_fu_1494_p3  |  select  |      0|  0|   32|           1|          32|
    |min_distance_list_2_fu_1274_p3    |  select  |      0|  0|    9|           1|           9|
    |phitmp_i_2_fu_1355_p3             |  select  |      0|  0|    3|           1|           3|
    |select_ln13_1_fu_1236_p3          |  select  |      0|  0|    9|           1|           9|
    |select_ln13_2_fu_1248_p3          |  select  |      0|  0|    9|           1|           9|
    |select_ln13_3_fu_1261_p3          |  select  |      0|  0|    9|           1|           9|
    |select_ln13_fu_1229_p3            |  select  |      0|  0|    9|           1|           9|
    |select_ln4141_1_fu_977_p3         |  select  |      0|  0|    9|           1|           9|
    |select_ln4141_2_fu_990_p3         |  select  |      0|  0|    9|           1|           9|
    |select_ln4141_3_fu_1011_p3        |  select  |      0|  0|    9|           1|           9|
    |select_ln4141_4_fu_1039_p3        |  select  |      0|  0|    3|           1|           3|
    |select_ln4141_5_fu_1030_p3        |  select  |      0|  0|    9|           1|           9|
    |select_ln4141_6_fu_1050_p3        |  select  |      0|  0|    2|           1|           2|
    |select_ln4141_fu_954_p3           |  select  |      0|  0|    9|           1|           9|
    |select_ln4454_fu_1282_p3          |  select  |      0|  0|    2|           1|           2|
    |select_ln4463_1_fu_1324_p3        |  select  |      0|  0|    6|           1|           6|
    |select_ln4463_2_fu_1366_p3        |  select  |      0|  0|    6|           1|           6|
    |select_ln4463_3_fu_1167_p3        |  select  |      0|  0|    2|           1|           1|
    |select_ln4463_4_fu_1203_p3        |  select  |      0|  0|    3|           1|           3|
    |select_ln4463_fu_1308_p3          |  select  |      0|  0|    6|           1|           1|
    |select_ln4474_2_fu_1443_p3        |  select  |      0|  0|   32|           1|          32|
    |select_ln4474_fu_1393_p3          |  select  |      0|  0|   32|           1|          32|
    |select_ln4479_2_fu_1463_p3        |  select  |      0|  0|   32|           1|           4|
    |select_ln4479_4_fu_1486_p3        |  select  |      0|  0|   32|           1|           4|
    |select_ln4479_fu_1411_p3          |  select  |      0|  0|   32|           1|           4|
    |select_ln4533_1_fu_1804_p3        |  select  |      0|  0|    3|           1|           2|
    |select_ln4533_2_fu_1845_p3        |  select  |      0|  0|    2|           1|           2|
    |select_ln4533_3_fu_1888_p3        |  select  |      0|  0|    4|           1|           3|
    |select_ln4533_4_fu_1929_p3        |  select  |      0|  0|    3|           1|           3|
    |select_ln4533_5_fu_1969_p3        |  select  |      0|  0|    3|           1|           3|
    |select_ln4533_6_fu_2009_p3        |  select  |      0|  0|    3|           1|           3|
    |select_ln4533_7_fu_2049_p3        |  select  |      0|  0|    5|           1|           4|
    |select_ln4533_8_fu_2085_p3        |  select  |      0|  0|    4|           1|           4|
    |select_ln4533_fu_1784_p3          |  select  |      0|  0|   32|           1|          32|
    |select_ln7495_1_fu_844_p3         |  select  |      0|  0|    2|           1|           2|
    |select_ln7495_2_fu_881_p3         |  select  |      0|  0|    3|           1|           3|
    |select_ln7495_3_fu_893_p3         |  select  |      0|  0|    2|           1|           1|
    |select_ln7495_fu_830_p3           |  select  |      0|  0|    8|           1|           1|
    |ap_enable_pp1                     |    xor   |      0|  0|    2|           1|           2|
    |ap_enable_pp2                     |    xor   |      0|  0|    2|           1|           2|
    |ap_enable_pp3                     |    xor   |      0|  0|    2|           1|           2|
    |grp_popcount_fu_644_x_V           |    xor   |      0|  0|  196|         196|         196|
    |not_icmp_ln4463_fu_1315_p2        |    xor   |      0|  0|    2|           1|           2|
    |xor_ln4474_1_fu_1451_p2           |    xor   |      0|  0|    2|           1|           2|
    |xor_ln4474_fu_1400_p2             |    xor   |      0|  0|    2|           1|           2|
    |xor_ln4533_fu_1795_p2             |    xor   |      0|  0|    2|           1|           2|
    +----------------------------------+----------+-------+---+-----+------------+------------+
    |Total                             |          |      0|  0| 1396|         816|        1193|
    +----------------------------------+----------+-------+---+-----+------------+------------+

    * Multiplexer: 
    +-------------------------------------------------+-----+-----------+-----+-----------+
    |                       Name                      | LUT | Input Size| Bits| Total Bits|
    +-------------------------------------------------+-----+-----------+-----+-----------+
    |Input_1_V_V_blk_n                                |    9|          2|    1|          2|
    |Output_1_V_V_blk_n                               |    9|          2|    1|          2|
    |ap_NS_fsm                                        |  229|         53|    1|         53|
    |ap_enable_reg_pp1_iter8                          |    9|          2|    1|          2|
    |ap_enable_reg_pp2_iter1                          |    9|          2|    1|          2|
    |ap_enable_reg_pp3_iter1                          |    9|          2|    1|          2|
    |ap_phi_mux_i1_0_i_phi_fu_637_p4                  |    9|          2|    2|          4|
    |ap_phi_mux_i3_0_phi_fu_406_p4                    |    9|          2|    8|         16|
    |ap_phi_mux_i_0_i_phi_fu_554_p4                   |    9|          2|    2|          4|
    |ap_phi_mux_indvar_flatten11_phi_fu_543_p4        |    9|          2|    3|          6|
    |ap_phi_mux_indvar_flatten_phi_fu_384_p4          |    9|          2|    9|         18|
    |ap_phi_mux_j_0_i_phi_fu_626_p4                   |    9|          2|    2|          4|
    |ap_phi_mux_j_0_phi_fu_395_p4                     |    9|          2|    2|          4|
    |ap_phi_reg_pp1_iter8_knn_set_0_load_118_reg_497  |   15|          3|    9|         27|
    |ap_phi_reg_pp1_iter8_knn_set_1_load_121_reg_476  |   15|          3|    9|         27|
    |ap_phi_reg_pp1_iter8_knn_set_2_load_124_reg_455  |   15|          3|    9|         27|
    |ap_phi_reg_pp1_iter8_knn_set_3_load_127_reg_434  |   15|          3|    9|         27|
    |ap_phi_reg_pp1_iter8_knn_set_4_load_130_reg_413  |   15|          3|    9|         27|
    |ap_phi_reg_pp1_iter8_knn_set_5_load_115_reg_518  |   15|          3|    9|         27|
    |ap_sig_allocacmp_knn_set_0_load                  |    9|          2|    9|         18|
    |ap_sig_allocacmp_knn_set_1_load                  |    9|          2|    9|         18|
    |ap_sig_allocacmp_knn_set_3_load                  |    9|          2|    9|         18|
    |ap_sig_allocacmp_knn_set_4_load                  |    9|          2|    9|         18|
    |ap_sig_allocacmp_vote_list_9_10_load             |    9|          2|   32|         64|
    |ap_sig_allocacmp_vote_list_9_11_load             |    9|          2|   32|         64|
    |ap_sig_allocacmp_vote_list_9_12_load             |    9|          2|   32|         64|
    |ap_sig_allocacmp_vote_list_9_13_load             |    9|          2|   32|         64|
    |ap_sig_allocacmp_vote_list_9_14_load             |    9|          2|   32|         64|
    |ap_sig_allocacmp_vote_list_9_15_load             |    9|          2|   32|         64|
    |ap_sig_allocacmp_vote_list_9_16_load             |    9|          2|   32|         64|
    |ap_sig_allocacmp_vote_list_9_17_load             |    9|          2|   32|         64|
    |ap_sig_allocacmp_vote_list_9_18_load             |    9|          2|   32|         64|
    |ap_sig_allocacmp_vote_list_9_19_load             |    9|          2|   32|         64|
    |i1_0_i_reg_633                                   |    9|          2|    2|          4|
    |i3_0_reg_402                                     |    9|          2|    8|         16|
    |i_0_i_reg_550                                    |    9|          2|    2|          4|
    |i_0_reg_296                                      |    9|          2|    9|         18|
    |indvar_flatten11_reg_539                         |    9|          2|    3|          6|
    |indvar_flatten_reg_380                           |    9|          2|    9|         18|
    |j_0_i_reg_622                                    |    9|          2|    2|          4|
    |j_0_reg_391                                      |    9|          2|    2|          4|
    |knn_set_0                                        |    9|          2|    9|         18|
    |knn_set_0_load_1_reg_356                         |    9|          2|    9|         18|
    |knn_set_1                                        |    9|          2|    9|         18|
    |knn_set_1_load_1_reg_344                         |    9|          2|    9|         18|
    |knn_set_2                                        |    9|          2|    9|         18|
    |knn_set_2_load_1_reg_332                         |    9|          2|    9|         18|
    |knn_set_3                                        |    9|          2|    9|         18|
    |knn_set_3_load_1_reg_320                         |    9|          2|    9|         18|
    |knn_set_4                                        |    9|          2|    9|         18|
    |knn_set_4_load_1_reg_308                         |    9|          2|    9|         18|
    |knn_set_5                                        |    9|          2|    9|         18|
    |knn_set_5_load_1_reg_368                         |    9|          2|    9|         18|
    |label_list_1_1_reg_582                           |    9|          2|   32|         64|
    |label_list_2_14_reg_562                          |    9|          2|   32|         64|
    |label_list_2_1_reg_572                           |    9|          2|   32|         64|
    |min_distance_list_1_1_reg_612                    |    9|          2|   32|         64|
    |min_distance_list_2_1_10_reg_602                 |    9|          2|   32|         64|
    |min_distance_list_2_1_reg_592                    |    9|          2|   32|         64|
    |training_set_V_address0                          |   15|          3|    9|         27|
    |vote_list_9_10_fu_222                            |    9|          2|   32|         64|
    |vote_list_9_11_fu_226                            |    9|          2|   32|         64|
    |vote_list_9_12_fu_230                            |    9|          2|   32|         64|
    |vote_list_9_13_fu_234                            |    9|          2|   32|         64|
    |vote_list_9_14_fu_238                            |    9|          2|   32|         64|
    |vote_list_9_15_fu_242                            |    9|          2|   32|         64|
    |vote_list_9_16_fu_246                            |    9|          2|   32|         64|
    |vote_list_9_17_fu_250                            |    9|          2|   32|         64|
    |vote_list_9_18_fu_254                            |    9|          2|   32|         64|
    |vote_list_9_19_fu_258                            |    9|          2|   32|         64|
    |vote_list_9_1_fu_186                             |    9|          2|   32|         64|
    |vote_list_9_2_fu_190                             |    9|          2|   32|         64|
    |vote_list_9_3_fu_194                             |    9|          2|   32|         64|
    |vote_list_9_4_fu_198                             |    9|          2|   32|         64|
    |vote_list_9_5_fu_202                             |    9|          2|   32|         64|
    |vote_list_9_6_fu_206                             |    9|          2|   32|         64|
    |vote_list_9_7_fu_210                             |    9|          2|   32|         64|
    |vote_list_9_8_fu_214                             |    9|          2|   32|         64|
    |vote_list_9_9_fu_218                             |    9|          2|   32|         64|
    |vote_list_9_fu_182                               |    9|          2|   32|         64|
    +-------------------------------------------------+-----+-----------+-----+-----------+
    |Total                                            |  982|        218| 1430|       2974|
    +-------------------------------------------------+-----+-----------+-----+-----------+

    * Register: 
    +-------------------------------------------------+-----+----+-----+-----------+
    |                       Name                      |  FF | LUT| Bits| Const Bits|
    +-------------------------------------------------+-----+----+-----+-----------+
    |add_ln4454_1_reg_2406                            |    2|   0|    2|          0|
    |add_ln4454_reg_2389                              |    3|   0|    3|          0|
    |add_ln4463_reg_2416                              |    3|   0|    3|          0|
    |add_ln7489_1_reg_2184                            |    2|   0|    2|          0|
    |add_ln7489_reg_2167                              |    9|   0|    9|          0|
    |add_ln7494_reg_2237                              |    9|   0|    9|          0|
    |ap_CS_fsm                                        |   52|   0|   52|          0|
    |ap_enable_reg_pp1_iter0                          |    1|   0|    1|          0|
    |ap_enable_reg_pp1_iter1                          |    1|   0|    1|          0|
    |ap_enable_reg_pp1_iter2                          |    1|   0|    1|          0|
    |ap_enable_reg_pp1_iter3                          |    1|   0|    1|          0|
    |ap_enable_reg_pp1_iter4                          |    1|   0|    1|          0|
    |ap_enable_reg_pp1_iter5                          |    1|   0|    1|          0|
    |ap_enable_reg_pp1_iter6                          |    1|   0|    1|          0|
    |ap_enable_reg_pp1_iter7                          |    1|   0|    1|          0|
    |ap_enable_reg_pp1_iter8                          |    1|   0|    1|          0|
    |ap_enable_reg_pp2_iter0                          |    1|   0|    1|          0|
    |ap_enable_reg_pp2_iter1                          |    1|   0|    1|          0|
    |ap_enable_reg_pp3_iter0                          |    1|   0|    1|          0|
    |ap_enable_reg_pp3_iter1                          |    1|   0|    1|          0|
    |ap_phi_reg_pp1_iter1_knn_set_0_load_118_reg_497  |    9|   0|    9|          0|
    |ap_phi_reg_pp1_iter1_knn_set_1_load_121_reg_476  |    9|   0|    9|          0|
    |ap_phi_reg_pp1_iter1_knn_set_2_load_124_reg_455  |    9|   0|    9|          0|
    |ap_phi_reg_pp1_iter1_knn_set_3_load_127_reg_434  |    9|   0|    9|          0|
    |ap_phi_reg_pp1_iter1_knn_set_4_load_130_reg_413  |    9|   0|    9|          0|
    |ap_phi_reg_pp1_iter1_knn_set_5_load_115_reg_518  |    9|   0|    9|          0|
    |ap_phi_reg_pp1_iter2_knn_set_0_load_118_reg_497  |    9|   0|    9|          0|
    |ap_phi_reg_pp1_iter2_knn_set_1_load_121_reg_476  |    9|   0|    9|          0|
    |ap_phi_reg_pp1_iter2_knn_set_2_load_124_reg_455  |    9|   0|    9|          0|
    |ap_phi_reg_pp1_iter2_knn_set_3_load_127_reg_434  |    9|   0|    9|          0|
    |ap_phi_reg_pp1_iter2_knn_set_4_load_130_reg_413  |    9|   0|    9|          0|
    |ap_phi_reg_pp1_iter2_knn_set_5_load_115_reg_518  |    9|   0|    9|          0|
    |ap_phi_reg_pp1_iter3_knn_set_0_load_118_reg_497  |    9|   0|    9|          0|
    |ap_phi_reg_pp1_iter3_knn_set_1_load_121_reg_476  |    9|   0|    9|          0|
    |ap_phi_reg_pp1_iter3_knn_set_2_load_124_reg_455  |    9|   0|    9|          0|
    |ap_phi_reg_pp1_iter3_knn_set_3_load_127_reg_434  |    9|   0|    9|          0|
    |ap_phi_reg_pp1_iter3_knn_set_4_load_130_reg_413  |    9|   0|    9|          0|
    |ap_phi_reg_pp1_iter3_knn_set_5_load_115_reg_518  |    9|   0|    9|          0|
    |ap_phi_reg_pp1_iter4_knn_set_0_load_118_reg_497  |    9|   0|    9|          0|
    |ap_phi_reg_pp1_iter4_knn_set_1_load_121_reg_476  |    9|   0|    9|          0|
    |ap_phi_reg_pp1_iter4_knn_set_2_load_124_reg_455  |    9|   0|    9|          0|
    |ap_phi_reg_pp1_iter4_knn_set_3_load_127_reg_434  |    9|   0|    9|          0|
    |ap_phi_reg_pp1_iter4_knn_set_4_load_130_reg_413  |    9|   0|    9|          0|
    |ap_phi_reg_pp1_iter4_knn_set_5_load_115_reg_518  |    9|   0|    9|          0|
    |ap_phi_reg_pp1_iter5_knn_set_0_load_118_reg_497  |    9|   0|    9|          0|
    |ap_phi_reg_pp1_iter5_knn_set_1_load_121_reg_476  |    9|   0|    9|          0|
    |ap_phi_reg_pp1_iter5_knn_set_2_load_124_reg_455  |    9|   0|    9|          0|
    |ap_phi_reg_pp1_iter5_knn_set_3_load_127_reg_434  |    9|   0|    9|          0|
    |ap_phi_reg_pp1_iter5_knn_set_4_load_130_reg_413  |    9|   0|    9|          0|
    |ap_phi_reg_pp1_iter5_knn_set_5_load_115_reg_518  |    9|   0|    9|          0|
    |ap_phi_reg_pp1_iter6_knn_set_0_load_118_reg_497  |    9|   0|    9|          0|
    |ap_phi_reg_pp1_iter6_knn_set_1_load_121_reg_476  |    9|   0|    9|          0|
    |ap_phi_reg_pp1_iter6_knn_set_2_load_124_reg_455  |    9|   0|    9|          0|
    |ap_phi_reg_pp1_iter6_knn_set_3_load_127_reg_434  |    9|   0|    9|          0|
    |ap_phi_reg_pp1_iter6_knn_set_4_load_130_reg_413  |    9|   0|    9|          0|
    |ap_phi_reg_pp1_iter6_knn_set_5_load_115_reg_518  |    9|   0|    9|          0|
    |ap_phi_reg_pp1_iter7_knn_set_0_load_118_reg_497  |    9|   0|    9|          0|
    |ap_phi_reg_pp1_iter7_knn_set_1_load_121_reg_476  |    9|   0|    9|          0|
    |ap_phi_reg_pp1_iter7_knn_set_2_load_124_reg_455  |    9|   0|    9|          0|
    |ap_phi_reg_pp1_iter7_knn_set_3_load_127_reg_434  |    9|   0|    9|          0|
    |ap_phi_reg_pp1_iter7_knn_set_4_load_130_reg_413  |    9|   0|    9|          0|
    |ap_phi_reg_pp1_iter7_knn_set_5_load_115_reg_518  |    9|   0|    9|          0|
    |ap_phi_reg_pp1_iter8_knn_set_0_load_118_reg_497  |    9|   0|    9|          0|
    |ap_phi_reg_pp1_iter8_knn_set_1_load_121_reg_476  |    9|   0|    9|          0|
    |ap_phi_reg_pp1_iter8_knn_set_2_load_124_reg_455  |    9|   0|    9|          0|
    |ap_phi_reg_pp1_iter8_knn_set_3_load_127_reg_434  |    9|   0|    9|          0|
    |ap_phi_reg_pp1_iter8_knn_set_4_load_130_reg_413  |    9|   0|    9|          0|
    |ap_phi_reg_pp1_iter8_knn_set_5_load_115_reg_518  |    9|   0|    9|          0|
    |dist_reg_2313                                    |    8|   0|    8|          0|
    |i1_0_i_reg_633                                   |    2|   0|    2|          0|
    |i3_0_reg_402                                     |    8|   0|    8|          0|
    |i_0_i_reg_550                                    |    2|   0|    2|          0|
    |i_0_reg_296                                      |    9|   0|    9|          0|
    |i_1_reg_2217                                     |    8|   0|    8|          0|
    |i_2_reg_2671                                     |    2|   0|    2|          0|
    |i_reg_2118                                       |    9|   0|    9|          0|
    |icmp_ln13_1_reg_2428                             |    1|   0|    1|          0|
    |icmp_ln13_reg_2423                               |    1|   0|    1|          0|
    |icmp_ln4141_1_reg_2307                           |    1|   0|    1|          0|
    |icmp_ln4141_2_reg_2355                           |    1|   0|    1|          0|
    |icmp_ln4141_reg_2158                             |    1|   0|    1|          0|
    |icmp_ln4454_reg_2385                             |    1|   0|    1|          0|
    |icmp_ln4454_reg_2385_pp2_iter1_reg               |    1|   0|    1|          0|
    |icmp_ln4456_reg_2394                             |    1|   0|    1|          0|
    |icmp_ln4463_1_reg_2457                           |    1|   0|    1|          0|
    |icmp_ln4463_2_reg_2473                           |    1|   0|    1|          0|
    |icmp_ln4463_3_reg_2478                           |    1|   0|    1|          0|
    |icmp_ln4463_reg_2451                             |    1|   0|    1|          0|
    |icmp_ln4474_reg_2490                             |    1|   0|    1|          0|
    |icmp_ln4520_reg_2667                             |    1|   0|    1|          0|
    |icmp_ln4533_1_reg_2764                           |    1|   0|    1|          0|
    |icmp_ln4533_3_reg_2832                           |    1|   0|    1|          0|
    |icmp_ln4533_reg_2734                             |    1|   0|    1|          0|
    |icmp_ln7489_reg_2163                             |    1|   0|    1|          0|
    |icmp_ln7491_reg_2172                             |    1|   0|    1|          0|
    |index                                            |    1|   0|    1|          0|
    |index_load_reg_2111                              |    1|   0|    1|          0|
    |indvar_flatten11_reg_539                         |    3|   0|    3|          0|
    |indvar_flatten_reg_380                           |    9|   0|    9|          0|
    |j_0_i_reg_622                                    |    2|   0|    2|          0|
    |j_0_reg_391                                      |    2|   0|    2|          0|
    |j_reg_2462                                       |    2|   0|    2|          0|
    |knn_set_0                                        |    9|   0|   11|          2|
    |knn_set_0_load_1_reg_356                         |    9|   0|    9|          0|
    |knn_set_1                                        |    9|   0|   11|          2|
    |knn_set_1_load_1_reg_344                         |    9|   0|    9|          0|
    |knn_set_2                                        |    9|   0|   11|          2|
    |knn_set_2_load_1_reg_332                         |    9|   0|    9|          0|
    |knn_set_3                                        |    9|   0|   11|          2|
    |knn_set_3_load_1_reg_320                         |    9|   0|    9|          0|
    |knn_set_4                                        |    9|   0|   11|          2|
    |knn_set_4_load_1_reg_308                         |    9|   0|    9|          0|
    |knn_set_5                                        |    9|   0|   11|          2|
    |knn_set_5_load_1_reg_368                         |    9|   0|    9|          0|
    |label_list_1_1_reg_582                           |   32|   0|   32|          0|
    |label_list_2_14_reg_562                          |   32|   0|   32|          0|
    |label_list_2_1_reg_572                           |   32|   0|   32|          0|
    |lhs_V_reg_2148                                   |  196|   0|  196|          0|
    |min_distance_list_1_1_reg_612                    |   32|   0|   32|          0|
    |min_distance_list_2_1_10_reg_602                 |   32|   0|   32|          0|
    |min_distance_list_2_1_reg_592                    |   32|   0|   32|          0|
    |min_distance_list_2_reg_2433                     |    9|   0|    9|          0|
    |mul_ln7495_1_reg_2232                            |   32|   0|   32|          0|
    |mul_ln7495_reg_2222                              |   15|   0|   15|          0|
    |phi_ln4533_1_reg_2807                            |   32|   0|   32|          0|
    |phi_ln4533_2_reg_2842                            |   32|   0|   32|          0|
    |phi_ln4533_3_reg_2871                            |   32|   0|   32|          0|
    |phi_ln4533_4_reg_2898                            |   32|   0|   32|          0|
    |phi_ln4533_5_reg_2927                            |   32|   0|   32|          0|
    |phi_ln4533_6_reg_2950                            |   32|   0|   32|          0|
    |phi_ln_reg_2774                                  |   32|   0|   32|          0|
    |reg_649                                          |   32|   0|   32|          0|
    |reg_654                                          |   32|   0|   32|          0|
    |reg_658                                          |   32|   0|   32|          0|
    |reg_662                                          |   32|   0|   32|          0|
    |reg_666                                          |   32|   0|   32|          0|
    |reg_670                                          |   32|   0|   32|          0|
    |reg_674                                          |   32|   0|   32|          0|
    |rhs_V_reg_2247                                   |  196|   0|  196|          0|
    |select_ln4141_1_reg_2302                         |    9|   0|    9|          0|
    |select_ln4141_2_reg_2325                         |    9|   0|    9|          0|
    |select_ln4141_3_reg_2350                         |    9|   0|    9|          0|
    |select_ln4141_reg_2277                           |    9|   0|    9|          0|
    |select_ln4454_reg_2438                           |    2|   0|    2|          0|
    |select_ln4463_1_reg_2467                         |    3|   0|    6|          3|
    |select_ln4463_2_reg_2483                         |    4|   0|    6|          2|
    |select_ln4463_3_reg_2400                         |    2|   0|    2|          0|
    |select_ln4533_1_reg_2769                         |    2|   0|    2|          0|
    |select_ln4533_2_reg_2801                         |    2|   0|    2|          0|
    |select_ln4533_3_reg_2837                         |    3|   0|    3|          0|
    |select_ln4533_4_reg_2865                         |    3|   0|    3|          0|
    |select_ln4533_5_reg_2892                         |    3|   0|    3|          0|
    |select_ln4533_6_reg_2917                         |    3|   0|    3|          0|
    |select_ln4533_7_reg_2944                         |    4|   0|    4|          0|
    |select_ln7495_1_reg_2189                         |    2|   0|    2|          0|
    |select_ln7495_2_reg_2205                         |    3|   0|    3|          0|
    |select_ln7495_3_reg_2210                         |    1|   0|    1|          0|
    |select_ln7495_reg_2178                           |    8|   0|    8|          0|
    |sub_ln4463_1_reg_2411                            |    3|   0|    3|          0|
    |sub_ln4463_reg_2380                              |    3|   0|    3|          0|
    |sub_ln7495_reg_2153                              |    3|   0|    3|          0|
    |tmp_6_reg_2681                                   |   32|   0|   32|          0|
    |tmp_V_23_reg_2128                                |   32|   0|   32|          0|
    |tmp_V_24_reg_2133                                |   32|   0|   32|          0|
    |tmp_V_25_reg_2138                                |   32|   0|   32|          0|
    |tmp_V_26_reg_2143                                |   32|   0|   32|          0|
    |trunc_ln4141_1_reg_2267                          |    9|   0|    9|          0|
    |trunc_ln4141_2_reg_2282                          |    9|   0|    9|          0|
    |trunc_ln4141_3_reg_2292                          |    9|   0|    9|          0|
    |trunc_ln4141_4_reg_2330                          |    9|   0|    9|          0|
    |trunc_ln4141_5_reg_2340                          |    9|   0|    9|          0|
    |trunc_ln4141_reg_2257                            |    9|   0|    9|          0|
    |trunc_ln414_reg_2123                             |    4|   0|    4|          0|
    |trunc_ln4523_reg_2676                            |    4|   0|    4|          0|
    |trunc_ln4523_reg_2676_pp3_iter1_reg              |    4|   0|    4|          0|
    |trunc_ln7495_1_reg_2195                          |    1|   0|    1|          0|
    |vote_list_0_reg_2686                             |   32|   0|   32|          0|
    |vote_list_9_10_fu_222                            |   32|   0|   32|          0|
    |vote_list_9_11_fu_226                            |   32|   0|   32|          0|
    |vote_list_9_12_fu_230                            |   32|   0|   32|          0|
    |vote_list_9_13_fu_234                            |   32|   0|   32|          0|
    |vote_list_9_14_fu_238                            |   32|   0|   32|          0|
    |vote_list_9_15_fu_242                            |   32|   0|   32|          0|
    |vote_list_9_16_fu_246                            |   32|   0|   32|          0|
    |vote_list_9_17_fu_250                            |   32|   0|   32|          0|
    |vote_list_9_18_fu_254                            |   32|   0|   32|          0|
    |vote_list_9_19_fu_258                            |   32|   0|   32|          0|
    |vote_list_9_1_fu_186                             |   32|   0|   32|          0|
    |vote_list_9_2_fu_190                             |   32|   0|   32|          0|
    |vote_list_9_3_fu_194                             |   32|   0|   32|          0|
    |vote_list_9_4_fu_198                             |   32|   0|   32|          0|
    |vote_list_9_5_fu_202                             |   32|   0|   32|          0|
    |vote_list_9_6_fu_206                             |   32|   0|   32|          0|
    |vote_list_9_7_fu_210                             |   32|   0|   32|          0|
    |vote_list_9_8_fu_214                             |   32|   0|   32|          0|
    |vote_list_9_9_fu_218                             |   32|   0|   32|          0|
    |vote_list_9_fu_182                               |   32|   0|   32|          0|
    |zext_ln13_reg_2443                               |    9|   0|   32|         23|
    |zext_ln4533_7_reg_2922                           |    3|   0|    4|          1|
    |icmp_ln7489_reg_2163                             |   64|  32|    1|          0|
    |select_ln7495_2_reg_2205                         |   64|  32|    3|          0|
    |select_ln7495_3_reg_2210                         |   64|  32|    1|          0|
    |select_ln7495_reg_2178                           |   64|  32|    8|          0|
    +-------------------------------------------------+-----+----+-----+-----------+
    |Total                                            | 3065| 128| 2863|         41|
    +-------------------------------------------------+-----+----+-----+-----------+



================================================================
== Interface
================================================================
* Summary: 
+---------------------+-----+-----+------------+--------------+--------------+
|      RTL Ports      | Dir | Bits|  Protocol  | Source Object|    C Type    |
+---------------------+-----+-----+------------+--------------+--------------+
|ap_clk               |  in |    1| ap_ctrl_hs | update_knn20 | return value |
|ap_rst               |  in |    1| ap_ctrl_hs | update_knn20 | return value |
|ap_start             |  in |    1| ap_ctrl_hs | update_knn20 | return value |
|ap_done              | out |    1| ap_ctrl_hs | update_knn20 | return value |
|ap_idle              | out |    1| ap_ctrl_hs | update_knn20 | return value |
|ap_ready             | out |    1| ap_ctrl_hs | update_knn20 | return value |
|Input_1_V_V          |  in |   32|    ap_hs   |  Input_1_V_V |    pointer   |
|Input_1_V_V_ap_vld   |  in |    1|    ap_hs   |  Input_1_V_V |    pointer   |
|Input_1_V_V_ap_ack   | out |    1|    ap_hs   |  Input_1_V_V |    pointer   |
|Output_1_V_V         | out |   32|    ap_hs   | Output_1_V_V |    pointer   |
|Output_1_V_V_ap_vld  | out |    1|    ap_hs   | Output_1_V_V |    pointer   |
|Output_1_V_V_ap_ack  |  in |    1|    ap_hs   | Output_1_V_V |    pointer   |
+---------------------+-----+-----+------------+--------------+--------------+

