

================================================================
== Vivado HLS Report for 'knn_cluster4'
================================================================
* Date:           Sun Sep  6 16:09:59 2020

* Version:        2019.2 (Build 2704478 on Wed Nov 06 22:10:23 MST 2019)
* Project:        dg_reg
* Solution:       knn_cluster4
* Product family: zynq
* Target device:  xc7z020-clg400-1


================================================================
== Performance Estimates
================================================================
+ Timing: 
    * Summary: 
    +--------+----------+-----------+------------+
    |  Clock |  Target  | Estimated | Uncertainty|
    +--------+----------+-----------+------------+
    |ap_clk  | 10.00 ns | 11.378 ns |   1.25 ns  |
    +--------+----------+-----------+------------+

+ Latency: 
    * Summary: 
    +---------+---------+----------+----------+-----+-------+----------+
    |  Latency (cycles) |  Latency (absolute) |   Interval  | Pipeline |
    |   min   |   max   |    min   |    max   | min |  max  |   Type   |
    +---------+---------+----------+----------+-----+-------+----------+
    |    22138|    29326| 0.252 ms | 0.334 ms |  499|  18497| dataflow |
    +---------+---------+----------+----------+-----+-------+----------+

    + Detail: 
        * Instance: 
        +-----------------+--------------+---------+---------+----------+-----------+-----+-------+---------+
        |                 |              |  Latency (cycles) |  Latency (absolute)  |   Interval  | Pipeline|
        |     Instance    |    Module    |   min   |   max   |    min   |    max    | min |  max  |   Type  |
        +-----------------+--------------+---------+---------+----------+-----------+-----+-------+---------+
        |update_knn20_U0  |update_knn20  |      498|     4099| 5.666 us | 46.638 us |  498|   4099|   none  |
        |update_knn16_U0  |update_knn16  |      493|    18496| 5.609 us |  0.210 ms |  493|  18496|   none  |
        |update_knn17_U0  |update_knn17  |      493|    14896| 5.609 us |  0.169 ms |  493|  14896|   none  |
        |update_knn18_U0  |update_knn18  |      493|    11296| 5.609 us |  0.129 ms |  493|  11296|   none  |
        |update_knn19_U0  |update_knn19  |      493|     7696| 5.609 us | 87.565 us |  493|   7696|   none  |
        +-----------------+--------------+---------+---------+----------+-----------+-----+-------+---------+

        * Loop: 
        N/A



================================================================
== Utilization Estimates
================================================================
* Summary: 
+-----------------+---------+-------+--------+-------+-----+
|       Name      | BRAM_18K| DSP48E|   FF   |  LUT  | URAM|
+-----------------+---------+-------+--------+-------+-----+
|DSP              |        -|      -|       -|      -|    -|
|Expression       |        -|      -|       0|      2|    -|
|FIFO             |        8|      -|     264|    416|    -|
|Instance         |       40|      5|   14713|  23325|    0|
|Memory           |        -|      -|       -|      -|    -|
|Multiplexer      |        -|      -|       -|      -|    -|
|Register         |        -|      -|       -|      -|    -|
+-----------------+---------+-------+--------+-------+-----+
|Total            |       48|      5|   14977|  23743|    0|
+-----------------+---------+-------+--------+-------+-----+
|Available        |      280|    220|  106400|  53200|    0|
+-----------------+---------+-------+--------+-------+-----+
|Utilization (%)  |       17|      2|      14|     44|    0|
+-----------------+---------+-------+--------+-------+-----+

+ Detail: 
    * Instance: 
    +-----------------+--------------+---------+-------+------+------+-----+
    |     Instance    |    Module    | BRAM_18K| DSP48E|  FF  |  LUT | URAM|
    +-----------------+--------------+---------+-------+------+------+-----+
    |update_knn16_U0  |update_knn16  |        8|      1|  2783|  4462|    0|
    |update_knn17_U0  |update_knn17  |        8|      1|  2786|  4479|    0|
    |update_knn18_U0  |update_knn18  |        8|      1|  2784|  4480|    0|
    |update_knn19_U0  |update_knn19  |        8|      1|  2782|  4481|    0|
    |update_knn20_U0  |update_knn20  |        8|      1|  3578|  5423|    0|
    +-----------------+--------------+---------+-------+------+------+-----+
    |Total            |              |       40|      5| 14713| 23325|    0|
    +-----------------+--------------+---------+-------+------+------+-----+

    * DSP48E: 
    N/A

    * Memory: 
    N/A

    * FIFO: 
    +----------------+---------+----+----+-----+------+-----+---------+
    |      Name      | BRAM_18K| FF | LUT| URAM| Depth| Bits| Size:D*B|
    +----------------+---------+----+----+-----+------+-----+---------+
    |knn_out1_V_V_U  |        2|  66|   0|    -|  1024|   32|    32768|
    |knn_out2_V_V_U  |        2|  66|   0|    -|  1024|   32|    32768|
    |knn_out3_V_V_U  |        2|  66|   0|    -|  1024|   32|    32768|
    |knn_out4_V_V_U  |        2|  66|   0|    -|  1024|   32|    32768|
    +----------------+---------+----+----+-----+------+-----+---------+
    |Total           |        8| 264|   0|    0|  4096|  128|   131072|
    +----------------+---------+----+----+-----+------+-----+---------+

    * Expression: 
    +--------------+----------+-------+---+----+------------+------------+
    | Variable Name| Operation| DSP48E| FF| LUT| Bitwidth P0| Bitwidth P1|
    +--------------+----------+-------+---+----+------------+------------+
    |ap_idle       |    and   |      0|  0|   2|           1|           1|
    +--------------+----------+-------+---+----+------------+------------+
    |Total         |          |      0|  0|   2|           1|           1|
    +--------------+----------+-------+---+----+------------+------------+

    * Multiplexer: 
    N/A

    * Register: 
    N/A



================================================================
== Interface
================================================================
* Summary: 
+---------------------+-----+-----+------------+--------------+--------------+
|      RTL Ports      | Dir | Bits|  Protocol  | Source Object|    C Type    |
+---------------------+-----+-----+------------+--------------+--------------+
|Input_1_V_V          |  in |   32|    ap_hs   |  Input_1_V_V |    pointer   |
|Input_1_V_V_ap_vld   |  in |    1|    ap_hs   |  Input_1_V_V |    pointer   |
|Input_1_V_V_ap_ack   | out |    1|    ap_hs   |  Input_1_V_V |    pointer   |
|Output_1_V_V         | out |   32|    ap_hs   | Output_1_V_V |    pointer   |
|Output_1_V_V_ap_vld  | out |    1|    ap_hs   | Output_1_V_V |    pointer   |
|Output_1_V_V_ap_ack  |  in |    1|    ap_hs   | Output_1_V_V |    pointer   |
|ap_clk               |  in |    1| ap_ctrl_hs | knn_cluster4 | return value |
|ap_rst               |  in |    1| ap_ctrl_hs | knn_cluster4 | return value |
|ap_start             |  in |    1| ap_ctrl_hs | knn_cluster4 | return value |
|ap_done              | out |    1| ap_ctrl_hs | knn_cluster4 | return value |
|ap_ready             | out |    1| ap_ctrl_hs | knn_cluster4 | return value |
|ap_idle              | out |    1| ap_ctrl_hs | knn_cluster4 | return value |
+---------------------+-----+-----+------------+--------------+--------------+

