

================================================================
== Vivado HLS Report for 'popcount'
================================================================
* Date:           Sun Sep  6 16:09:54 2020

* Version:        2019.2 (Build 2704478 on Wed Nov 06 22:10:23 MST 2019)
* Project:        dg_reg
* Solution:       knn_cluster4
* Product family: zynq
* Target device:  xc7z020-clg400-1


================================================================
== Performance Estimates
================================================================
+ Timing: 
    * Summary: 
    +--------+----------+----------+------------+
    |  Clock |  Target  | Estimated| Uncertainty|
    +--------+----------+----------+------------+
    |ap_clk  | 10.00 ns | 8.677 ns |   1.25 ns  |
    +--------+----------+----------+------------+

+ Latency: 
    * Summary: 
    +---------+---------+-----------+-----------+-----+-----+----------+
    |  Latency (cycles) |   Latency (absolute)  |  Interval | Pipeline |
    |   min   |   max   |    min    |    max    | min | max |   Type   |
    +---------+---------+-----------+-----------+-----+-----+----------+
    |        6|        6| 60.000 ns | 60.000 ns |    1|    1| function |
    +---------+---------+-----------+-----------+-----+-----+----------+

    + Detail: 
        * Instance: 
        N/A

        * Loop: 
        N/A



================================================================
== Utilization Estimates
================================================================
* Summary: 
+-----------------+---------+-------+--------+-------+-----+
|       Name      | BRAM_18K| DSP48E|   FF   |  LUT  | URAM|
+-----------------+---------+-------+--------+-------+-----+
|DSP              |        -|      -|       -|      -|    -|
|Expression       |        -|      -|       0|   2043|    -|
|FIFO             |        -|      -|       -|      -|    -|
|Instance         |        -|      -|       -|      -|    -|
|Memory           |        -|      -|       -|      -|    -|
|Multiplexer      |        -|      -|       -|      -|    -|
|Register         |        0|      -|    1364|    512|    -|
+-----------------+---------+-------+--------+-------+-----+
|Total            |        0|      0|    1364|   2555|    0|
+-----------------+---------+-------+--------+-------+-----+
|Available        |      280|    220|  106400|  53200|    0|
+-----------------+---------+-------+--------+-------+-----+
|Utilization (%)  |        0|      0|       1|      4|    0|
+-----------------+---------+-------+--------+-------+-----+

+ Detail: 
    * Instance: 
    N/A

    * DSP48E: 
    N/A

    * Memory: 
    N/A

    * FIFO: 
    N/A

    * Expression: 
    +-------------------------+----------+-------+---+----+------------+------------+
    |      Variable Name      | Operation| DSP48E| FF| LUT| Bitwidth P0| Bitwidth P1|
    +-------------------------+----------+-------+---+----+------------+------------+
    |add_ln22_100_fu_2606_p2  |     +    |      0|  0|  10|           2|           2|
    |add_ln22_101_fu_2616_p2  |     +    |      0|  0|  10|           2|           2|
    |add_ln22_102_fu_2626_p2  |     +    |      0|  0|  12|           3|           3|
    |add_ln22_103_fu_2636_p2  |     +    |      0|  0|  10|           2|           2|
    |add_ln22_104_fu_2646_p2  |     +    |      0|  0|  10|           2|           2|
    |add_ln22_105_fu_2656_p2  |     +    |      0|  0|  12|           3|           3|
    |add_ln22_106_fu_2666_p2  |     +    |      0|  0|  13|           4|           4|
    |add_ln22_107_fu_2676_p2  |     +    |      0|  0|  15|           5|           5|
    |add_ln22_108_fu_2682_p2  |     +    |      0|  0|  10|           2|           2|
    |add_ln22_109_fu_2692_p2  |     +    |      0|  0|  10|           2|           2|
    |add_ln22_10_fu_626_p2    |     +    |      0|  0|   8|           2|           2|
    |add_ln22_110_fu_2702_p2  |     +    |      0|  0|  12|           3|           3|
    |add_ln22_111_fu_2712_p2  |     +    |      0|  0|  10|           2|           2|
    |add_ln22_112_fu_2722_p2  |     +    |      0|  0|  10|           2|           2|
    |add_ln22_113_fu_2732_p2  |     +    |      0|  0|  12|           3|           3|
    |add_ln22_114_fu_2742_p2  |     +    |      0|  0|  13|           4|           4|
    |add_ln22_115_fu_2752_p2  |     +    |      0|  0|  10|           2|           2|
    |add_ln22_116_fu_2762_p2  |     +    |      0|  0|  10|           2|           2|
    |add_ln22_117_fu_2772_p2  |     +    |      0|  0|  12|           3|           3|
    |add_ln22_118_fu_2782_p2  |     +    |      0|  0|  10|           2|           2|
    |add_ln22_119_fu_2792_p2  |     +    |      0|  0|   8|           2|           2|
    |add_ln22_11_fu_632_p2    |     +    |      0|  0|   8|           2|           2|
    |add_ln22_120_fu_2798_p2  |     +    |      0|  0|   8|           2|           2|
    |add_ln22_121_fu_2808_p2  |     +    |      0|  0|  12|           3|           3|
    |add_ln22_122_fu_2818_p2  |     +    |      0|  0|  13|           4|           4|
    |add_ln22_123_fu_2828_p2  |     +    |      0|  0|  15|           5|           5|
    |add_ln22_124_fu_4300_p2  |     +    |      0|  0|  15|           6|           6|
    |add_ln22_125_fu_4460_p2  |     +    |      0|  0|   8|           7|           7|
    |add_ln22_126_fu_4484_p2  |     +    |      0|  0|   8|           8|           8|
    |add_ln22_127_fu_4472_p2  |     +    |      0|  0|  10|           2|           2|
    |add_ln22_128_fu_4493_p2  |     +    |      0|  0|   8|           8|           8|
    |add_ln22_129_fu_3650_p2  |     +    |      0|  0|  10|           2|           2|
    |add_ln22_12_fu_642_p2    |     +    |      0|  0|  12|           3|           3|
    |add_ln22_130_fu_3660_p2  |     +    |      0|  0|  10|           2|           2|
    |add_ln22_131_fu_3670_p2  |     +    |      0|  0|  12|           3|           3|
    |add_ln22_132_fu_4502_p2  |     +    |      0|  0|   8|           8|           8|
    |add_ln22_133_fu_3676_p2  |     +    |      0|  0|  10|           2|           2|
    |add_ln22_134_fu_3686_p2  |     +    |      0|  0|  10|           2|           2|
    |add_ln22_135_fu_3696_p2  |     +    |      0|  0|  12|           3|           3|
    |add_ln22_136_fu_3706_p2  |     +    |      0|  0|  10|           2|           2|
    |add_ln22_137_fu_3716_p2  |     +    |      0|  0|   8|           2|           2|
    |add_ln22_138_fu_3722_p2  |     +    |      0|  0|   8|           2|           2|
    |add_ln22_139_fu_3732_p2  |     +    |      0|  0|  12|           3|           3|
    |add_ln22_13_fu_4253_p2   |     +    |      0|  0|   8|           4|           4|
    |add_ln22_140_fu_3742_p2  |     +    |      0|  0|  13|           4|           4|
    |add_ln22_141_fu_4511_p2  |     +    |      0|  0|   8|           8|           8|
    |add_ln22_142_fu_3748_p2  |     +    |      0|  0|  10|           2|           2|
    |add_ln22_143_fu_3758_p2  |     +    |      0|  0|  10|           2|           2|
    |add_ln22_144_fu_3768_p2  |     +    |      0|  0|  12|           3|           3|
    |add_ln22_145_fu_3778_p2  |     +    |      0|  0|  10|           2|           2|
    |add_ln22_146_fu_3788_p2  |     +    |      0|  0|   8|           2|           2|
    |add_ln22_147_fu_3794_p2  |     +    |      0|  0|   8|           2|           2|
    |add_ln22_148_fu_3804_p2  |     +    |      0|  0|  12|           3|           3|
    |add_ln22_149_fu_3814_p2  |     +    |      0|  0|  13|           4|           4|
    |add_ln22_14_fu_4272_p2   |     +    |      0|  0|   8|           5|           5|
    |add_ln22_150_fu_3824_p2  |     +    |      0|  0|  10|           2|           2|
    |add_ln22_151_fu_3834_p2  |     +    |      0|  0|  10|           2|           2|
    |add_ln22_152_fu_3844_p2  |     +    |      0|  0|  12|           3|           3|
    |add_ln22_153_fu_3854_p2  |     +    |      0|  0|  10|           2|           2|
    |add_ln22_154_fu_3864_p2  |     +    |      0|  0|   8|           2|           2|
    |add_ln22_155_fu_3870_p2  |     +    |      0|  0|   8|           2|           2|
    |add_ln22_156_fu_3880_p2  |     +    |      0|  0|  12|           3|           3|
    |add_ln22_157_fu_3890_p2  |     +    |      0|  0|  13|           4|           4|
    |add_ln22_158_fu_3900_p2  |     +    |      0|  0|  15|           5|           5|
    |add_ln22_159_fu_4520_p2  |     +    |      0|  0|   8|           8|           8|
    |add_ln22_15_fu_4278_p2   |     +    |      0|  0|  10|           2|           2|
    |add_ln22_160_fu_3906_p2  |     +    |      0|  0|  10|           2|           2|
    |add_ln22_161_fu_3916_p2  |     +    |      0|  0|  10|           2|           2|
    |add_ln22_162_fu_3926_p2  |     +    |      0|  0|  12|           3|           3|
    |add_ln22_163_fu_3936_p2  |     +    |      0|  0|  10|           2|           2|
    |add_ln22_164_fu_3946_p2  |     +    |      0|  0|  10|           2|           2|
    |add_ln22_165_fu_3956_p2  |     +    |      0|  0|  12|           3|           3|
    |add_ln22_166_fu_3966_p2  |     +    |      0|  0|  13|           4|           4|
    |add_ln22_167_fu_3976_p2  |     +    |      0|  0|  10|           2|           2|
    |add_ln22_168_fu_3986_p2  |     +    |      0|  0|  10|           2|           2|
    |add_ln22_169_fu_3996_p2  |     +    |      0|  0|  12|           3|           3|
    |add_ln22_16_fu_4288_p2   |     +    |      0|  0|   8|           5|           5|
    |add_ln22_170_fu_4006_p2  |     +    |      0|  0|  10|           2|           2|
    |add_ln22_171_fu_4016_p2  |     +    |      0|  0|   8|           2|           2|
    |add_ln22_172_fu_4022_p2  |     +    |      0|  0|   8|           2|           2|
    |add_ln22_173_fu_4032_p2  |     +    |      0|  0|  12|           3|           3|
    |add_ln22_174_fu_4042_p2  |     +    |      0|  0|  13|           4|           4|
    |add_ln22_175_fu_4052_p2  |     +    |      0|  0|  15|           5|           5|
    |add_ln22_176_fu_4058_p2  |     +    |      0|  0|  10|           2|           2|
    |add_ln22_177_fu_4068_p2  |     +    |      0|  0|  10|           2|           2|
    |add_ln22_178_fu_4078_p2  |     +    |      0|  0|  12|           3|           3|
    |add_ln22_179_fu_4088_p2  |     +    |      0|  0|  10|           2|           2|
    |add_ln22_17_fu_828_p2    |     +    |      0|  0|  10|           2|           2|
    |add_ln22_180_fu_4098_p2  |     +    |      0|  0|   8|           2|           2|
    |add_ln22_181_fu_4104_p2  |     +    |      0|  0|   8|           2|           2|
    |add_ln22_182_fu_4114_p2  |     +    |      0|  0|  12|           3|           3|
    |add_ln22_183_fu_4124_p2  |     +    |      0|  0|  13|           4|           4|
    |add_ln22_184_fu_4134_p2  |     +    |      0|  0|  10|           2|           2|
    |add_ln22_185_fu_4144_p2  |     +    |      0|  0|  10|           2|           2|
    |add_ln22_186_fu_4154_p2  |     +    |      0|  0|  12|           3|           3|
    |add_ln22_187_fu_4164_p2  |     +    |      0|  0|  10|           2|           2|
    |add_ln22_188_fu_4174_p2  |     +    |      0|  0|   8|           2|           2|
    |add_ln22_189_fu_4180_p2  |     +    |      0|  0|   8|           2|           2|
    |add_ln22_18_fu_838_p2    |     +    |      0|  0|  10|           2|           2|
    |add_ln22_190_fu_4190_p2  |     +    |      0|  0|  12|           3|           3|
    |add_ln22_191_fu_4200_p2  |     +    |      0|  0|  13|           4|           4|
    |add_ln22_192_fu_4210_p2  |     +    |      0|  0|  15|           5|           5|
    |add_ln22_193_fu_4312_p2  |     +    |      0|  0|  15|           6|           6|
    |add_ln22_19_fu_848_p2    |     +    |      0|  0|  12|           3|           3|
    |add_ln22_1_fu_446_p2     |     +    |      0|  0|   8|           2|           2|
    |add_ln22_20_fu_4321_p2   |     +    |      0|  0|   8|           5|           5|
    |add_ln22_21_fu_854_p2    |     +    |      0|  0|  10|           2|           2|
    |add_ln22_22_fu_864_p2    |     +    |      0|  0|  10|           2|           2|
    |add_ln22_23_fu_874_p2    |     +    |      0|  0|  12|           3|           3|
    |add_ln22_24_fu_884_p2    |     +    |      0|  0|  10|           2|           2|
    |add_ln22_25_fu_894_p2    |     +    |      0|  0|   8|           2|           2|
    |add_ln22_26_fu_900_p2    |     +    |      0|  0|   8|           2|           2|
    |add_ln22_27_fu_910_p2    |     +    |      0|  0|  12|           3|           3|
    |add_ln22_28_fu_920_p2    |     +    |      0|  0|  13|           4|           4|
    |add_ln22_29_fu_4329_p2   |     +    |      0|  0|   8|           5|           5|
    |add_ln22_2_fu_504_p2     |     +    |      0|  0|   8|           3|           3|
    |add_ln22_30_fu_4348_p2   |     +    |      0|  0|  15|           6|           6|
    |add_ln22_31_fu_4354_p2   |     +    |      0|  0|  10|           2|           2|
    |add_ln22_32_fu_4364_p2   |     +    |      0|  0|   8|           6|           6|
    |add_ln22_33_fu_1298_p2   |     +    |      0|  0|  10|           2|           2|
    |add_ln22_34_fu_1308_p2   |     +    |      0|  0|  10|           2|           2|
    |add_ln22_35_fu_1318_p2   |     +    |      0|  0|  12|           3|           3|
    |add_ln22_36_fu_4373_p2   |     +    |      0|  0|   8|           6|           6|
    |add_ln22_37_fu_1324_p2   |     +    |      0|  0|  10|           2|           2|
    |add_ln22_38_fu_1334_p2   |     +    |      0|  0|  10|           2|           2|
    |add_ln22_39_fu_1344_p2   |     +    |      0|  0|  12|           3|           3|
    |add_ln22_3_fu_510_p2     |     +    |      0|  0|   8|           2|           2|
    |add_ln22_40_fu_1354_p2   |     +    |      0|  0|  10|           2|           2|
    |add_ln22_41_fu_1364_p2   |     +    |      0|  0|  10|           2|           2|
    |add_ln22_42_fu_1374_p2   |     +    |      0|  0|  12|           3|           3|
    |add_ln22_43_fu_1384_p2   |     +    |      0|  0|  13|           4|           4|
    |add_ln22_44_fu_4382_p2   |     +    |      0|  0|   8|           6|           6|
    |add_ln22_45_fu_1390_p2   |     +    |      0|  0|  10|           2|           2|
    |add_ln22_46_fu_1400_p2   |     +    |      0|  0|  10|           2|           2|
    |add_ln22_47_fu_1410_p2   |     +    |      0|  0|  12|           3|           3|
    |add_ln22_48_fu_1420_p2   |     +    |      0|  0|  10|           2|           2|
    |add_ln22_49_fu_1430_p2   |     +    |      0|  0|  10|           2|           2|
    |add_ln22_4_fu_516_p2     |     +    |      0|  0|   8|           2|           2|
    |add_ln22_50_fu_1440_p2   |     +    |      0|  0|  12|           3|           3|
    |add_ln22_51_fu_1450_p2   |     +    |      0|  0|  13|           4|           4|
    |add_ln22_52_fu_1460_p2   |     +    |      0|  0|  10|           2|           2|
    |add_ln22_53_fu_1470_p2   |     +    |      0|  0|  10|           2|           2|
    |add_ln22_54_fu_1480_p2   |     +    |      0|  0|  12|           3|           3|
    |add_ln22_55_fu_1490_p2   |     +    |      0|  0|  10|           2|           2|
    |add_ln22_56_fu_1500_p2   |     +    |      0|  0|   8|           2|           2|
    |add_ln22_57_fu_1506_p2   |     +    |      0|  0|   8|           2|           2|
    |add_ln22_58_fu_1516_p2   |     +    |      0|  0|  12|           3|           3|
    |add_ln22_59_fu_1526_p2   |     +    |      0|  0|  13|           4|           4|
    |add_ln22_5_fu_526_p2     |     +    |      0|  0|   8|           3|           3|
    |add_ln22_60_fu_1536_p2   |     +    |      0|  0|  15|           5|           5|
    |add_ln22_61_fu_4390_p2   |     +    |      0|  0|   8|           6|           6|
    |add_ln22_62_fu_4409_p2   |     +    |      0|  0|   8|           7|           7|
    |add_ln22_63_fu_4415_p2   |     +    |      0|  0|  10|           2|           2|
    |add_ln22_64_fu_4425_p2   |     +    |      0|  0|   8|           7|           7|
    |add_ln22_65_fu_2298_p2   |     +    |      0|  0|  10|           2|           2|
    |add_ln22_66_fu_2308_p2   |     +    |      0|  0|  10|           2|           2|
    |add_ln22_67_fu_2318_p2   |     +    |      0|  0|  12|           3|           3|
    |add_ln22_68_fu_4434_p2   |     +    |      0|  0|   8|           7|           7|
    |add_ln22_69_fu_2324_p2   |     +    |      0|  0|  10|           2|           2|
    |add_ln22_6_fu_4228_p2    |     +    |      0|  0|  13|           4|           4|
    |add_ln22_70_fu_2334_p2   |     +    |      0|  0|  10|           2|           2|
    |add_ln22_71_fu_2344_p2   |     +    |      0|  0|  12|           3|           3|
    |add_ln22_72_fu_2354_p2   |     +    |      0|  0|  10|           2|           2|
    |add_ln22_73_fu_2364_p2   |     +    |      0|  0|  10|           2|           2|
    |add_ln22_74_fu_2374_p2   |     +    |      0|  0|  12|           3|           3|
    |add_ln22_75_fu_2384_p2   |     +    |      0|  0|  13|           4|           4|
    |add_ln22_76_fu_4442_p2   |     +    |      0|  0|   8|           7|           7|
    |add_ln22_77_fu_2390_p2   |     +    |      0|  0|  10|           2|           2|
    |add_ln22_78_fu_2400_p2   |     +    |      0|  0|  10|           2|           2|
    |add_ln22_79_fu_2410_p2   |     +    |      0|  0|  12|           3|           3|
    |add_ln22_7_fu_4234_p2    |     +    |      0|  0|  10|           2|           2|
    |add_ln22_80_fu_2420_p2   |     +    |      0|  0|  10|           2|           2|
    |add_ln22_81_fu_2430_p2   |     +    |      0|  0|  10|           2|           2|
    |add_ln22_82_fu_2440_p2   |     +    |      0|  0|  12|           3|           3|
    |add_ln22_83_fu_2450_p2   |     +    |      0|  0|  13|           4|           4|
    |add_ln22_84_fu_2460_p2   |     +    |      0|  0|  10|           2|           2|
    |add_ln22_85_fu_2470_p2   |     +    |      0|  0|  10|           2|           2|
    |add_ln22_86_fu_2480_p2   |     +    |      0|  0|  12|           3|           3|
    |add_ln22_87_fu_2490_p2   |     +    |      0|  0|  10|           2|           2|
    |add_ln22_88_fu_2500_p2   |     +    |      0|  0|  10|           2|           2|
    |add_ln22_89_fu_2510_p2   |     +    |      0|  0|  12|           3|           3|
    |add_ln22_8_fu_4244_p2    |     +    |      0|  0|   8|           4|           4|
    |add_ln22_90_fu_2520_p2   |     +    |      0|  0|  13|           4|           4|
    |add_ln22_91_fu_2530_p2   |     +    |      0|  0|  15|           5|           5|
    |add_ln22_92_fu_4451_p2   |     +    |      0|  0|   8|           7|           7|
    |add_ln22_93_fu_2536_p2   |     +    |      0|  0|  10|           2|           2|
    |add_ln22_94_fu_2546_p2   |     +    |      0|  0|  10|           2|           2|
    |add_ln22_95_fu_2556_p2   |     +    |      0|  0|  12|           3|           3|
    |add_ln22_96_fu_2566_p2   |     +    |      0|  0|  10|           2|           2|
    |add_ln22_97_fu_2576_p2   |     +    |      0|  0|  10|           2|           2|
    |add_ln22_98_fu_2586_p2   |     +    |      0|  0|  12|           3|           3|
    |add_ln22_99_fu_2596_p2   |     +    |      0|  0|  13|           4|           4|
    |add_ln22_9_fu_616_p2     |     +    |      0|  0|  10|           2|           2|
    |add_ln22_fu_440_p2       |     +    |      0|  0|   8|           2|           2|
    |ap_return                |     +    |      0|  0|   8|           8|           8|
    +-------------------------+----------+-------+---+----+------------+------------+
    |Total                    |          |      0|  0|2043|         602|         602|
    +-------------------------+----------+-------+---+----+------------+------------+

    * Multiplexer: 
    N/A

    * Register: 
    +------------------------------------+-----+----+-----+-----------+
    |                Name                |  FF | LUT| Bits| Const Bits|
    +------------------------------------+-----+----+-----+-----------+
    |add_ln22_107_reg_4644               |    5|   0|    5|          0|
    |add_ln22_123_reg_4649               |    5|   0|    5|          0|
    |add_ln22_124_reg_4699               |    6|   0|    6|          0|
    |add_ln22_125_reg_4719               |    7|   0|    7|          0|
    |add_ln22_127_reg_4724               |    2|   0|    2|          0|
    |add_ln22_12_reg_4554                |    3|   0|    3|          0|
    |add_ln22_131_reg_4669               |    3|   0|    3|          0|
    |add_ln22_140_reg_4674               |    4|   0|    4|          0|
    |add_ln22_141_reg_4729               |    8|   0|    8|          0|
    |add_ln22_158_reg_4679               |    5|   0|    5|          0|
    |add_ln22_16_reg_4694                |    5|   0|    5|          0|
    |add_ln22_175_reg_4684               |    5|   0|    5|          0|
    |add_ln22_192_reg_4689               |    5|   0|    5|          0|
    |add_ln22_193_reg_4704               |    6|   0|    6|          0|
    |add_ln22_19_reg_4574                |    3|   0|    3|          0|
    |add_ln22_19_reg_4574_pp0_iter1_reg  |    3|   0|    3|          0|
    |add_ln22_28_reg_4579                |    4|   0|    4|          0|
    |add_ln22_28_reg_4579_pp0_iter1_reg  |    4|   0|    4|          0|
    |add_ln22_35_reg_4599                |    3|   0|    3|          0|
    |add_ln22_35_reg_4599_pp0_iter1_reg  |    3|   0|    3|          0|
    |add_ln22_36_reg_4709                |    6|   0|    6|          0|
    |add_ln22_43_reg_4604                |    4|   0|    4|          0|
    |add_ln22_5_reg_4534                 |    3|   0|    3|          0|
    |add_ln22_60_reg_4609                |    5|   0|    5|          0|
    |add_ln22_64_reg_4714                |    7|   0|    7|          0|
    |add_ln22_67_reg_4629                |    3|   0|    3|          0|
    |add_ln22_75_reg_4634                |    4|   0|    4|          0|
    |add_ln22_91_reg_4639                |    5|   0|    5|          0|
    |p_Result_126_reg_4654               |    1|   0|    1|          0|
    |p_Result_127_reg_4659               |    1|   0|    1|          0|
    |p_Result_128_reg_4664               |    1|   0|    1|          0|
    |p_Result_14_reg_4559                |    1|   0|    1|          0|
    |p_Result_15_reg_4564                |    1|   0|    1|          0|
    |p_Result_16_reg_4569                |    1|   0|    1|          0|
    |p_Result_30_reg_4584                |    1|   0|    1|          0|
    |p_Result_30_reg_4584_pp0_iter1_reg  |    1|   0|    1|          0|
    |p_Result_31_reg_4589                |    1|   0|    1|          0|
    |p_Result_31_reg_4589_pp0_iter1_reg  |    1|   0|    1|          0|
    |p_Result_32_reg_4594                |    1|   0|    1|          0|
    |p_Result_32_reg_4594_pp0_iter1_reg  |    1|   0|    1|          0|
    |p_Result_62_reg_4614                |    1|   0|    1|          0|
    |p_Result_63_reg_4619                |    1|   0|    1|          0|
    |p_Result_64_reg_4624                |    1|   0|    1|          0|
    |p_Result_7_reg_4539                 |    1|   0|    1|          0|
    |p_Result_8_reg_4544                 |    1|   0|    1|          0|
    |p_Result_9_reg_4549                 |    1|   0|    1|          0|
    |x_V_int_reg                         |  196|   0|  196|          0|
    |add_ln22_124_reg_4699               |   64|  32|    6|          0|
    |add_ln22_131_reg_4669               |   64|  32|    3|          0|
    |add_ln22_140_reg_4674               |   64|  32|    4|          0|
    |add_ln22_158_reg_4679               |   64|  32|    5|          0|
    |add_ln22_193_reg_4704               |   64|  32|    6|          0|
    |add_ln22_43_reg_4604                |   64|  32|    4|          0|
    |add_ln22_60_reg_4609                |   64|  32|    5|          0|
    |add_ln22_67_reg_4629                |   64|  32|    3|          0|
    |add_ln22_75_reg_4634                |   64|  32|    4|          0|
    |add_ln22_91_reg_4639                |   64|  32|    5|          0|
    |p_Result_126_reg_4654               |   64|  32|    1|          0|
    |p_Result_127_reg_4659               |   64|  32|    1|          0|
    |p_Result_128_reg_4664               |   64|  32|    1|          0|
    |p_Result_62_reg_4614                |   64|  32|    1|          0|
    |p_Result_63_reg_4619                |   64|  32|    1|          0|
    |p_Result_64_reg_4624                |   64|  32|    1|          0|
    +------------------------------------+-----+----+-----+-----------+
    |Total                               | 1364| 512|  391|          0|
    +------------------------------------+-----+----+-----+-----------+



================================================================
== Interface
================================================================
* Summary: 
+-----------+-----+-----+------------+--------------+--------------+
| RTL Ports | Dir | Bits|  Protocol  | Source Object|    C Type    |
+-----------+-----+-----+------------+--------------+--------------+
|ap_clk     |  in |    1| ap_ctrl_hs |   popcount   | return value |
|ap_rst     |  in |    1| ap_ctrl_hs |   popcount   | return value |
|ap_return  | out |    8| ap_ctrl_hs |   popcount   | return value |
|x_V        |  in |  196|   ap_none  |      x_V     |    scalar    |
+-----------+-----+-----+------------+--------------+--------------+

