

================================================================
== Vivado HLS Report for 'update_knn19'
================================================================
* Date:           Sun Sep  6 16:09:57 2020

* Version:        2019.2 (Build 2704478 on Wed Nov 06 22:10:23 MST 2019)
* Project:        dg_reg
* Solution:       knn_cluster4
* Product family: zynq
* Target device:  xc7z020-clg400-1


================================================================
== Performance Estimates
================================================================
+ Timing: 
    * Summary: 
    +--------+----------+----------+------------+
    |  Clock |  Target  | Estimated| Uncertainty|
    +--------+----------+----------+------------+
    |ap_clk  | 10.00 ns | 8.677 ns |   1.25 ns  |
    +--------+----------+----------+------------+

+ Latency: 
    * Summary: 
    +---------+---------+----------+-----------+-----+------+---------+
    |  Latency (cycles) |  Latency (absolute)  |  Interval  | Pipeline|
    |   min   |   max   |    min   |    max    | min |  max |   Type  |
    +---------+---------+----------+-----------+-----+------+---------+
    |      493|     7696| 4.930 us | 76.960 us |  493|  7696|   none  |
    +---------+---------+----------+-----------+-----+------+---------+

    + Detail: 
        * Instance: 
        +---------------------+----------+---------+---------+-----------+-----------+-----+-----+----------+
        |                     |          |  Latency (cycles) |   Latency (absolute)  |  Interval | Pipeline |
        |       Instance      |  Module  |   min   |   max   |    min    |    max    | min | max |   Type   |
        +---------------------+----------+---------+---------+-----------+-----------+-----+-----+----------+
        |grp_popcount_fu_339  |popcount  |        6|        6| 60.000 ns | 60.000 ns |    1|    1| function |
        +---------------------+----------+---------+---------+-----------+-----------+-----+-----+----------+

        * Loop: 
        +------------------------------+---------+---------+----------+-----------+-----------+------+----------+
        |                              |  Latency (cycles) | Iteration|  Initiation Interval  | Trip |          |
        |           Loop Name          |   min   |   max   |  Latency |  achieved |   target  | Count| Pipelined|
        +------------------------------+---------+---------+----------+-----------+-----------+------+----------+
        |- STORE_LOCAL                 |     3600|     3600|         9|          8|          1|   450|    yes   |
        |- TRANSFER_LOOP               |     3600|     3600|         9|          8|          1|   450|    yes   |
        |- TRAINING_LOOP_LANES         |      460|      460|        12|          1|          1|   450|    yes   |
        |- LANES_INSERTION_SORT_OUTER  |        6|        6|         2|          1|          1|     6|    yes   |
        +------------------------------+---------+---------+----------+-----------+-----------+------+----------+



================================================================
== Utilization Estimates
================================================================
* Summary: 
+-----------------+---------+-------+--------+-------+-----+
|       Name      | BRAM_18K| DSP48E|   FF   |  LUT  | URAM|
+-----------------+---------+-------+--------+-------+-----+
|DSP              |        -|      1|       -|      -|    -|
|Expression       |        -|      0|       0|   1067|    -|
|FIFO             |        -|      -|       -|      -|    -|
|Instance         |        0|      -|    1364|   2620|    -|
|Memory           |        8|      -|       0|      0|    0|
|Multiplexer      |        -|      -|       -|    698|    -|
|Register         |        0|      -|    1418|     96|    -|
+-----------------+---------+-------+--------+-------+-----+
|Total            |        8|      1|    2782|   4481|    0|
+-----------------+---------+-------+--------+-------+-----+
|Available        |      280|    220|  106400|  53200|    0|
+-----------------+---------+-------+--------+-------+-----+
|Utilization (%)  |        2|   ~0  |       2|      8|    0|
+-----------------+---------+-------+--------+-------+-----+

+ Detail: 
    * Instance: 
    +--------------------------+----------------------+---------+-------+------+------+-----+
    |         Instance         |        Module        | BRAM_18K| DSP48E|  FF  |  LUT | URAM|
    +--------------------------+----------------------+---------+-------+------+------+-----+
    |knn_cluster4_mux_cud_U17  |knn_cluster4_mux_cud  |        0|      0|     0|    65|    0|
    |grp_popcount_fu_339       |popcount              |        0|      0|  1364|  2555|    0|
    +--------------------------+----------------------+---------+-------+------+------+-----+
    |Total                     |                      |        0|      0|  1364|  2620|    0|
    +--------------------------+----------------------+---------+-------+------+------+-----+

    * DSP48E: 
    +--------------------------+----------------------+-----------+
    |         Instance         |        Module        | Expression|
    +--------------------------+----------------------+-----------+
    |knn_cluster4_mul_dEe_U18  |knn_cluster4_mul_dEe  |  i0 * i1  |
    +--------------------------+----------------------+-----------+

    * Memory: 
    +--------------------+----------------------+---------+---+----+-----+------+-----+------+-------------+
    |       Memory       |        Module        | BRAM_18K| FF| LUT| URAM| Words| Bits| Banks| W*Bits*Banks|
    +--------------------+----------------------+---------+---+----+-----+------+-----+------+-------------+
    |training_set_V_5_U  |update_knn16_traibkb  |        8|  0|   0|    0|   450|  256|     1|       115200|
    +--------------------+----------------------+---------+---+----+-----+------+-----+------+-------------+
    |Total               |                      |        8|  0|   0|    0|   450|  256|     1|       115200|
    +--------------------+----------------------+---------+---+----+-----+------+-----+------+-------------+

    * FIFO: 
    N/A

    * Expression: 
    +-----------------------------------+----------+-------+---+-----+------------+------------+
    |           Variable Name           | Operation| DSP48E| FF| LUT | Bitwidth P0| Bitwidth P1|
    +-----------------------------------+----------+-------+---+-----+------------+------------+
    |mul_ln7411_fu_591_p2               |     *    |      0|  0|    6|          15|           2|
    |add_ln4150_fu_782_p2               |     +    |      0|  0|   12|           3|           3|
    |add_ln4454_2_fu_895_p2             |     +    |      0|  0|   10|           1|           2|
    |add_ln4454_fu_875_p2               |     +    |      0|  0|   12|           1|           3|
    |add_ln7405_1_fu_569_p2             |     +    |      0|  0|   10|           1|           2|
    |add_ln7405_fu_549_p2               |     +    |      0|  0|   15|           1|           9|
    |add_ln7410_fu_658_p2               |     +    |      0|  0|   15|           9|           9|
    |i_3_fu_446_p2                      |     +    |      0|  0|   15|           9|           1|
    |i_4_fu_637_p2                      |     +    |      0|  0|   15|           8|           1|
    |i_fu_408_p2                        |     +    |      0|  0|   15|           9|           1|
    |j_fu_991_p2                        |     +    |      0|  0|   10|           1|           2|
    |min_distance_list_0_fu_973_p7      |     +    |      0|  0|   12|           3|           3|
    |sub_ln4463_2_fu_917_p2             |     -    |      0|  0|   12|           3|           3|
    |sub_ln4463_fu_863_p2               |     -    |      0|  0|   12|           3|           3|
    |sub_ln7411_1_fu_609_p2             |     -    |      0|  0|   12|           3|           3|
    |sub_ln7411_fu_531_p2               |     -    |      0|  0|   12|           3|           3|
    |ap_block_pp0_stage0_11001          |    and   |      0|  0|    2|           1|           1|
    |ap_block_pp0_stage1_11001          |    and   |      0|  0|    2|           1|           1|
    |ap_block_pp1_stage0_01001          |    and   |      0|  0|    2|           1|           1|
    |ap_block_pp1_stage1_01001          |    and   |      0|  0|    2|           1|           1|
    |ap_block_state10_pp0_stage0_iter1  |    and   |      0|  0|    2|           1|           1|
    |icmp_ln4141_1_fu_707_p2            |   icmp   |      0|  0|   13|           9|           9|
    |icmp_ln4141_2_fu_736_p2            |   icmp   |      0|  0|   13|           9|           9|
    |icmp_ln4141_4_fu_623_p2            |   icmp   |      0|  0|    9|           3|           3|
    |icmp_ln4141_fu_537_p2              |   icmp   |      0|  0|    9|           3|           3|
    |icmp_ln4149_fu_776_p2              |   icmp   |      0|  0|   13|           9|           9|
    |icmp_ln4454_fu_869_p2              |   icmp   |      0|  0|    9|           3|           3|
    |icmp_ln4456_fu_881_p2              |   icmp   |      0|  0|    8|           2|           2|
    |icmp_ln4463_1_fu_1010_p2           |   icmp   |      0|  0|   18|          32|          32|
    |icmp_ln4463_4_fu_1037_p2           |   icmp   |      0|  0|   18|          32|          32|
    |icmp_ln4463_5_fu_1052_p2           |   icmp   |      0|  0|    9|           4|           1|
    |icmp_ln4463_fu_997_p2              |   icmp   |      0|  0|   18|          32|          32|
    |icmp_ln4474_1_fu_1131_p2           |   icmp   |      0|  0|   11|           6|           1|
    |icmp_ln4474_fu_1088_p2             |   icmp   |      0|  0|   11|           5|           1|
    |icmp_ln4479_1_fu_1137_p2           |   icmp   |      0|  0|   11|           6|           1|
    |icmp_ln4479_fu_1094_p2             |   icmp   |      0|  0|   11|           6|           2|
    |icmp_ln7321_fu_402_p2              |   icmp   |      0|  0|   13|           9|           7|
    |icmp_ln7335_fu_440_p2              |   icmp   |      0|  0|   13|           9|           7|
    |icmp_ln7405_fu_543_p2              |   icmp   |      0|  0|   13|           9|           7|
    |icmp_ln7407_fu_555_p2              |   icmp   |      0|  0|   11|           8|           6|
    |ap_block_state1                    |    or    |      0|  0|    2|           1|           1|
    |ap_block_state13_pp1_stage1_iter0  |    or    |      0|  0|    2|           1|           1|
    |ap_block_state21                   |    or    |      0|  0|    2|           1|           1|
    |or_ln4141_fu_750_p2                |    or    |      0|  0|    2|           1|           1|
    |label_list_2_3_fu_1143_p3          |  select  |      0|  0|   32|           1|           4|
    |min_distance_list_2_5_fu_1108_p3   |  select  |      0|  0|   32|           1|          32|
    |min_distance_list_2_6_fu_1123_p3   |  select  |      0|  0|   32|           1|          32|
    |min_distance_list_2_7_fu_1151_p3   |  select  |      0|  0|   32|           1|          32|
    |phitmp_i_2_fu_1058_p3              |  select  |      0|  0|    3|           1|           3|
    |select_ln4141_10_fu_768_p3         |  select  |      0|  0|    9|           1|           9|
    |select_ln4141_11_fu_742_p3         |  select  |      0|  0|    3|           1|           3|
    |select_ln4141_12_fu_756_p3         |  select  |      0|  0|    2|           1|           2|
    |select_ln4141_7_fu_700_p3          |  select  |      0|  0|    9|           1|           9|
    |select_ln4141_8_fu_713_p3          |  select  |      0|  0|    9|           1|           9|
    |select_ln4141_9_fu_729_p3          |  select  |      0|  0|    9|           1|           9|
    |select_ln4141_fu_685_p3            |  select  |      0|  0|    9|           1|           9|
    |select_ln4454_fu_931_p3            |  select  |      0|  0|    2|           1|           2|
    |select_ln4463_3_fu_1025_p3         |  select  |      0|  0|    6|           1|           6|
    |select_ln4463_4_fu_1070_p3         |  select  |      0|  0|    6|           1|           6|
    |select_ln4463_5_fu_887_p3          |  select  |      0|  0|    2|           1|           1|
    |select_ln4463_6_fu_923_p3          |  select  |      0|  0|    3|           1|           3|
    |select_ln4463_fu_1002_p3           |  select  |      0|  0|    6|           1|           1|
    |select_ln4474_7_fu_1158_p3         |  select  |      0|  0|   32|           1|          32|
    |select_ln4474_8_fu_1166_p3         |  select  |      0|  0|   32|           1|          32|
    |select_ln4474_fu_1115_p3           |  select  |      0|  0|   32|           1|          32|
    |select_ln4479_4_fu_1174_p3         |  select  |      0|  0|   32|           1|           4|
    |select_ln4479_5_fu_1182_p3         |  select  |      0|  0|   32|           1|          32|
    |select_ln4479_fu_1100_p3           |  select  |      0|  0|   32|           1|           4|
    |select_ln7411_1_fu_579_p3          |  select  |      0|  0|    2|           1|           2|
    |select_ln7411_2_fu_615_p3          |  select  |      0|  0|    3|           1|           3|
    |select_ln7411_3_fu_629_p3          |  select  |      0|  0|    2|           1|           1|
    |select_ln7411_fu_561_p3            |  select  |      0|  0|    8|           1|           1|
    |ap_enable_pp0                      |    xor   |      0|  0|    2|           1|           2|
    |ap_enable_pp1                      |    xor   |      0|  0|    2|           1|           2|
    |ap_enable_pp2                      |    xor   |      0|  0|    2|           1|           2|
    |ap_enable_pp3                      |    xor   |      0|  0|    2|           1|           2|
    |ap_enable_reg_pp2_iter1            |    xor   |      0|  0|    2|           2|           1|
    |ap_enable_reg_pp3_iter1            |    xor   |      0|  0|    2|           2|           1|
    |not_icmp_ln4463_fu_1015_p2         |    xor   |      0|  0|    2|           1|           2|
    |ret_V_fu_672_p2                    |    xor   |      0|  0|  196|         196|         196|
    +-----------------------------------+----------+-------+---+-----+------------+------------+
    |Total                              |          |      0|  0| 1067|         511|         749|
    +-----------------------------------+----------+-------+---+-----+------------+------------+

    * Multiplexer: 
    +-----------------------------------+-----+-----------+-----+-----------+
    |                Name               | LUT | Input Size| Bits| Total Bits|
    +-----------------------------------+-----+-----------+-----+-----------+
    |Input_1_V_V_blk_n                  |    9|          2|    1|          2|
    |Output_1_V_V_blk_n                 |    9|          2|    1|          2|
    |Output_1_V_V_din                   |   44|          9|   32|        288|
    |ap_NS_fsm                          |  201|         46|    1|         46|
    |ap_done                            |    9|          2|    1|          2|
    |ap_enable_reg_pp0_iter1            |    9|          2|    1|          2|
    |ap_enable_reg_pp1_iter1            |    9|          2|    1|          2|
    |ap_enable_reg_pp2_iter1            |    9|          2|    1|          2|
    |ap_enable_reg_pp2_iter11           |    9|          2|    1|          2|
    |ap_enable_reg_pp3_iter1            |   15|          3|    1|          3|
    |ap_phi_mux_i1_0_phi_fu_200_p4      |    9|          2|    9|         18|
    |ap_phi_mux_i_0_phi_fu_188_p4       |    9|          2|    9|         18|
    |ap_phi_mux_j_0_phi_fu_222_p4       |    9|          2|    2|          4|
    |ap_sig_allocacmp_knn_set_7_0_load  |    9|          2|    9|         18|
    |ap_sig_allocacmp_knn_set_7_1_load  |    9|          2|    9|         18|
    |ap_sig_allocacmp_knn_set_7_2_load  |    9|          2|    9|         18|
    |ap_sig_allocacmp_knn_set_7_3_load  |    9|          2|    9|         18|
    |ap_sig_allocacmp_knn_set_7_4_load  |    9|          2|    9|         18|
    |ap_sig_allocacmp_knn_set_7_5_load  |    9|          2|    9|         18|
    |grp_load_fu_344_p1                 |   15|          3|   11|         33|
    |grp_load_fu_348_p1                 |   15|          3|   11|         33|
    |grp_load_fu_352_p1                 |   15|          3|   11|         33|
    |grp_load_fu_356_p1                 |   15|          3|   11|         33|
    |grp_load_fu_360_p1                 |   15|          3|   11|         33|
    |grp_load_fu_364_p1                 |   15|          3|   11|         33|
    |i1_0_reg_196                       |    9|          2|    9|         18|
    |i4_0_reg_229                       |    9|          2|    8|         16|
    |i_0_i_reg_251                      |    9|          2|    2|          4|
    |i_0_reg_184                        |    9|          2|    9|         18|
    |indvar_flatten11_reg_240           |    9|          2|    3|          6|
    |indvar_flatten_reg_207             |    9|          2|    9|         18|
    |j_0_i_reg_328                      |    9|          2|    2|          4|
    |j_0_reg_218                        |    9|          2|    2|          4|
    |knn_set_7_0                        |    9|          2|    9|         18|
    |knn_set_7_1                        |    9|          2|    9|         18|
    |knn_set_7_2                        |    9|          2|    9|         18|
    |knn_set_7_3                        |    9|          2|    9|         18|
    |knn_set_7_4                        |    9|          2|    9|         18|
    |knn_set_7_5                        |    9|          2|    9|         18|
    |label_list_1_2_reg_284             |    9|          2|   32|         64|
    |label_list_2_2_reg_273             |    9|          2|   32|         64|
    |min_distance_list_1_4_reg_317      |    9|          2|   32|         64|
    |min_distance_list_2_3_reg_306      |    9|          2|   32|         64|
    |real_start                         |    9|          2|    1|          2|
    |tmp_V_57_reg_295                   |    9|          2|   32|         64|
    |tmp_V_60_reg_262                   |    9|          2|   32|         64|
    |training_set_V_5_address0          |   15|          3|    9|         27|
    +-----------------------------------+-----+-----------+-----+-----------+
    |Total                              |  698|        153|  481|       1306|
    +-----------------------------------+-----+-----------+-----+-----------+

    * Register: 
    +--------------------------------------+-----+----+-----+-----------+
    |                 Name                 |  FF | LUT| Bits| Const Bits|
    +--------------------------------------+-----+----+-----+-----------+
    |ap_CS_fsm                             |   45|   0|   45|          0|
    |ap_done_reg                           |    1|   0|    1|          0|
    |ap_enable_reg_pp0_iter0               |    1|   0|    1|          0|
    |ap_enable_reg_pp0_iter1               |    1|   0|    1|          0|
    |ap_enable_reg_pp1_iter0               |    1|   0|    1|          0|
    |ap_enable_reg_pp1_iter1               |    1|   0|    1|          0|
    |ap_enable_reg_pp2_iter0               |    1|   0|    1|          0|
    |ap_enable_reg_pp2_iter1               |    1|   0|    1|          0|
    |ap_enable_reg_pp2_iter10              |    1|   0|    1|          0|
    |ap_enable_reg_pp2_iter11              |    1|   0|    1|          0|
    |ap_enable_reg_pp2_iter2               |    1|   0|    1|          0|
    |ap_enable_reg_pp2_iter3               |    1|   0|    1|          0|
    |ap_enable_reg_pp2_iter4               |    1|   0|    1|          0|
    |ap_enable_reg_pp2_iter5               |    1|   0|    1|          0|
    |ap_enable_reg_pp2_iter6               |    1|   0|    1|          0|
    |ap_enable_reg_pp2_iter7               |    1|   0|    1|          0|
    |ap_enable_reg_pp2_iter8               |    1|   0|    1|          0|
    |ap_enable_reg_pp2_iter9               |    1|   0|    1|          0|
    |ap_enable_reg_pp3_iter0               |    1|   0|    1|          0|
    |ap_enable_reg_pp3_iter1               |    1|   0|    1|          0|
    |i1_0_reg_196                          |    9|   0|    9|          0|
    |i4_0_reg_229                          |    8|   0|    8|          0|
    |i_0_i_reg_251                         |    2|   0|    2|          0|
    |i_0_reg_184                           |    9|   0|    9|          0|
    |i_3_reg_1213                          |    9|   0|    9|          0|
    |i_reg_1204                            |    9|   0|    9|          0|
    |icmp_ln4141_2_reg_1314                |    1|   0|    1|          0|
    |icmp_ln4454_reg_1330                  |    1|   0|    1|          0|
    |icmp_ln7321_reg_1200                  |    1|   0|    1|          0|
    |icmp_ln7335_reg_1209                  |    1|   0|    1|          0|
    |icmp_ln7405_reg_1248                  |    1|   0|    1|          0|
    |index_1                               |    1|   0|    1|          0|
    |index_1_load_reg_1196                 |    1|   0|    1|          0|
    |indvar_flatten11_reg_240              |    3|   0|    3|          0|
    |indvar_flatten_reg_207                |    9|   0|    9|          0|
    |j_0_i_reg_328                         |    2|   0|    2|          0|
    |j_0_reg_218                           |    2|   0|    2|          0|
    |knn_set_7_0                           |    9|   0|   11|          2|
    |knn_set_7_1                           |    9|   0|   11|          2|
    |knn_set_7_2                           |    9|   0|   11|          2|
    |knn_set_7_3                           |    9|   0|   11|          2|
    |knn_set_7_4                           |    9|   0|   11|          2|
    |knn_set_7_5                           |    9|   0|   11|          2|
    |label_list_1_2_reg_284                |   32|   0|   32|          0|
    |label_list_2_2_reg_273                |   32|   0|   32|          0|
    |lhs_V_reg_1243                        |  196|   0|  196|          0|
    |min_distance_list_0_reg_1344          |   32|   0|   32|          0|
    |min_distance_list_1_4_reg_317         |   32|   0|   32|          0|
    |min_distance_list_2_3_reg_306         |   32|   0|   32|          0|
    |mul_ln7411_reg_1267                   |   15|   0|   15|          0|
    |reg_368                               |   32|   0|   32|          0|
    |reg_373                               |   32|   0|   32|          0|
    |reg_377                               |   32|   0|   32|          0|
    |reg_381                               |   32|   0|   32|          0|
    |reg_385                               |   32|   0|   32|          0|
    |reg_389                               |   32|   0|   32|          0|
    |reg_393                               |   32|   0|   32|          0|
    |ret_V_reg_1299                        |  196|   0|  196|          0|
    |select_ln4141_12_reg_1319             |    2|   0|    2|          0|
    |select_ln4141_8_reg_1304              |    9|   0|    9|          0|
    |select_ln4141_9_reg_1309              |    9|   0|    9|          0|
    |select_ln7411_1_reg_1262              |    2|   0|    2|          0|
    |select_ln7411_2_reg_1272              |    3|   0|    3|          0|
    |select_ln7411_3_reg_1277              |    1|   0|    1|          0|
    |select_ln7411_reg_1257                |    8|   0|    8|          0|
    |select_ln7411_reg_1257_pp2_iter1_reg  |    8|   0|    8|          0|
    |start_once_reg                        |    1|   0|    1|          0|
    |tmp_V_57_reg_295                      |   32|   0|   32|          0|
    |tmp_V_60_reg_262                      |   32|   0|   32|          0|
    |tmp_V_64_reg_1223                     |   32|   0|   32|          0|
    |tmp_V_65_reg_1228                     |   32|   0|   32|          0|
    |tmp_V_66_reg_1233                     |   32|   0|   32|          0|
    |tmp_V_67_reg_1238                     |   32|   0|   32|          0|
    |trunc_ln414_reg_1218                  |    4|   0|    4|          0|
    |trunc_ln7411_mid2_reg_1289            |    9|   0|    9|          0|
    |icmp_ln7405_reg_1248                  |   64|  32|    1|          0|
    |select_ln7411_2_reg_1272              |   64|  32|    3|          0|
    |select_ln7411_3_reg_1277              |   64|  32|    1|          0|
    +--------------------------------------+-----+----+-----+-----------+
    |Total                                 | 1418|  96| 1243|         12|
    +--------------------------------------+-----+----+-----+-----------+



================================================================
== Interface
================================================================
* Summary: 
+---------------------+-----+-----+------------+--------------+--------------+
|      RTL Ports      | Dir | Bits|  Protocol  | Source Object|    C Type    |
+---------------------+-----+-----+------------+--------------+--------------+
|ap_clk               |  in |    1| ap_ctrl_hs | update_knn19 | return value |
|ap_rst               |  in |    1| ap_ctrl_hs | update_knn19 | return value |
|ap_start             |  in |    1| ap_ctrl_hs | update_knn19 | return value |
|start_full_n         |  in |    1| ap_ctrl_hs | update_knn19 | return value |
|ap_done              | out |    1| ap_ctrl_hs | update_knn19 | return value |
|ap_continue          |  in |    1| ap_ctrl_hs | update_knn19 | return value |
|ap_idle              | out |    1| ap_ctrl_hs | update_knn19 | return value |
|ap_ready             | out |    1| ap_ctrl_hs | update_knn19 | return value |
|start_out            | out |    1| ap_ctrl_hs | update_knn19 | return value |
|start_write          | out |    1| ap_ctrl_hs | update_knn19 | return value |
|Input_1_V_V_dout     |  in |   32|   ap_fifo  |  Input_1_V_V |    pointer   |
|Input_1_V_V_empty_n  |  in |    1|   ap_fifo  |  Input_1_V_V |    pointer   |
|Input_1_V_V_read     | out |    1|   ap_fifo  |  Input_1_V_V |    pointer   |
|Output_1_V_V_din     | out |   32|   ap_fifo  | Output_1_V_V |    pointer   |
|Output_1_V_V_full_n  |  in |    1|   ap_fifo  | Output_1_V_V |    pointer   |
|Output_1_V_V_write   | out |    1|   ap_fifo  | Output_1_V_V |    pointer   |
+---------------------+-----+-----+------------+--------------+--------------+

