

================================================================
== Vivado HLS Report for 'update_knn20'
================================================================
* Date:           Sun Sep  6 16:09:58 2020

* Version:        2019.2 (Build 2704478 on Wed Nov 06 22:10:23 MST 2019)
* Project:        dg_reg
* Solution:       knn_cluster4
* Product family: zynq
* Target device:  xc7z020-clg400-1


================================================================
== Performance Estimates
================================================================
+ Timing: 
    * Summary: 
    +--------+----------+-----------+------------+
    |  Clock |  Target  | Estimated | Uncertainty|
    +--------+----------+-----------+------------+
    |ap_clk  | 10.00 ns | 11.378 ns |   1.25 ns  |
    +--------+----------+-----------+------------+

+ Latency: 
    * Summary: 
    +---------+---------+----------+-----------+-----+------+---------+
    |  Latency (cycles) |  Latency (absolute)  |  Interval  | Pipeline|
    |   min   |   max   |    min   |    max    | min |  max |   Type  |
    +---------+---------+----------+-----------+-----+------+---------+
    |      498|     4099| 5.666 us | 46.638 us |  498|  4099|   none  |
    +---------+---------+----------+-----------+-----+------+---------+

    + Detail: 
        * Instance: 
        +---------------------+----------+---------+---------+-----------+-----------+-----+-----+----------+
        |                     |          |  Latency (cycles) |   Latency (absolute)  |  Interval | Pipeline |
        |       Instance      |  Module  |   min   |   max   |    min    |    max    | min | max |   Type   |
        +---------------------+----------+---------+---------+-----------+-----------+-----+-----+----------+
        |grp_popcount_fu_443  |popcount  |        6|        6| 68.268 ns | 68.268 ns |    1|    1| function |
        +---------------------+----------+---------+---------+-----------+-----------+-----+-----+----------+

        * Loop: 
        +------------------------------+---------+---------+----------+-----------+-----------+------+----------+
        |                              |  Latency (cycles) | Iteration|  Initiation Interval  | Trip |          |
        |           Loop Name          |   min   |   max   |  Latency |  achieved |   target  | Count| Pipelined|
        +------------------------------+---------+---------+----------+-----------+-----------+------+----------+
        |- STORE_LOCAL                 |     3600|     3600|         9|          8|          1|   450|    yes   |
        |- TRAINING_LOOP_LANES         |      460|      460|        12|          1|          1|   450|    yes   |
        |- LANES_INSERTION_SORT_OUTER  |        7|        7|         3|          1|          1|     6|    yes   |
        |- INCREMENT                   |        3|        3|         1|          1|          1|     3|    yes   |
        +------------------------------+---------+---------+----------+-----------+-----------+------+----------+



================================================================
== Utilization Estimates
================================================================
* Summary: 
+-----------------+---------+-------+--------+-------+-----+
|       Name      | BRAM_18K| DSP48E|   FF   |  LUT  | URAM|
+-----------------+---------+-------+--------+-------+-----+
|DSP              |        -|      1|       -|      -|    -|
|Expression       |        -|      0|       0|   1317|    -|
|FIFO             |        -|      -|       -|      -|    -|
|Instance         |        0|      -|    1364|   3205|    -|
|Memory           |        8|      -|       0|      0|    0|
|Multiplexer      |        -|      -|       -|    805|    -|
|Register         |        0|      -|    2214|     96|    -|
+-----------------+---------+-------+--------+-------+-----+
|Total            |        8|      1|    3578|   5423|    0|
+-----------------+---------+-------+--------+-------+-----+
|Available        |      280|    220|  106400|  53200|    0|
+-----------------+---------+-------+--------+-------+-----+
|Utilization (%)  |        2|   ~0  |       3|     10|    0|
+-----------------+---------+-------+--------+-------+-----+

+ Detail: 
    * Instance: 
    +--------------------------+----------------------+---------+-------+------+------+-----+
    |         Instance         |        Module        | BRAM_18K| DSP48E|  FF  |  LUT | URAM|
    +--------------------------+----------------------+---------+-------+------+------+-----+
    |knn_cluster4_mux_cud_U21  |knn_cluster4_mux_cud  |        0|      0|     0|    65|    0|
    |knn_cluster4_mux_ibs_U22  |knn_cluster4_mux_ibs  |        0|      0|     0|    65|    0|
    |knn_cluster4_mux_jbC_U23  |knn_cluster4_mux_jbC  |        0|      0|     0|    65|    0|
    |knn_cluster4_mux_kbM_U24  |knn_cluster4_mux_kbM  |        0|      0|     0|    65|    0|
    |knn_cluster4_mux_kbM_U25  |knn_cluster4_mux_kbM  |        0|      0|     0|    65|    0|
    |knn_cluster4_mux_kbM_U26  |knn_cluster4_mux_kbM  |        0|      0|     0|    65|    0|
    |knn_cluster4_mux_kbM_U27  |knn_cluster4_mux_kbM  |        0|      0|     0|    65|    0|
    |knn_cluster4_mux_kbM_U28  |knn_cluster4_mux_kbM  |        0|      0|     0|    65|    0|
    |knn_cluster4_mux_kbM_U29  |knn_cluster4_mux_kbM  |        0|      0|     0|    65|    0|
    |knn_cluster4_mux_kbM_U30  |knn_cluster4_mux_kbM  |        0|      0|     0|    65|    0|
    |grp_popcount_fu_443       |popcount              |        0|      0|  1364|  2555|    0|
    +--------------------------+----------------------+---------+-------+------+------+-----+
    |Total                     |                      |        0|      0|  1364|  3205|    0|
    +--------------------------+----------------------+---------+-------+------+------+-----+

    * DSP48E: 
    +--------------------------+----------------------+-----------+
    |         Instance         |        Module        | Expression|
    +--------------------------+----------------------+-----------+
    |knn_cluster4_mul_dEe_U31  |knn_cluster4_mul_dEe  |  i0 * i1  |
    +--------------------------+----------------------+-----------+

    * Memory: 
    +--------------------+----------------------+---------+---+----+-----+------+-----+------+-------------+
    |       Memory       |        Module        | BRAM_18K| FF| LUT| URAM| Words| Bits| Banks| W*Bits*Banks|
    +--------------------+----------------------+---------+---+----+-----+------+-----+------+-------------+
    |training_set_V_4_U  |update_knn16_traibkb  |        8|  0|   0|    0|   450|  256|     1|       115200|
    +--------------------+----------------------+---------+---+----+-----+------+-----+------+-------------+
    |Total               |                      |        8|  0|   0|    0|   450|  256|     1|       115200|
    +--------------------+----------------------+---------+---+----+-----+------+-----+------+-------------+

    * FIFO: 
    N/A

    * Expression: 
    +-----------------------------------+----------+-------+---+-----+------------+------------+
    |           Variable Name           | Operation| DSP48E| FF| LUT | Bitwidth P0| Bitwidth P1|
    +-----------------------------------+----------+-------+---+-----+------------+------------+
    |mul_ln7535_fu_683_p2               |     *    |      0|  0|    6|          15|           2|
    |add_ln4150_fu_874_p2               |     +    |      0|  0|   12|           3|           3|
    |add_ln4454_1_fu_987_p2             |     +    |      0|  0|   10|           1|           2|
    |add_ln4454_fu_967_p2               |     +    |      0|  0|   12|           1|           3|
    |add_ln7529_1_fu_661_p2             |     +    |      0|  0|   10|           1|           2|
    |add_ln7529_fu_641_p2               |     +    |      0|  0|   15|           1|           9|
    |add_ln7534_fu_750_p2               |     +    |      0|  0|   15|           9|           9|
    |i_1_fu_729_p2                      |     +    |      0|  0|   15|           8|           1|
    |i_2_fu_1402_p2                     |     +    |      0|  0|   10|           2|           1|
    |i_fu_512_p2                        |     +    |      0|  0|   15|           9|           1|
    |j_fu_1083_p2                       |     +    |      0|  0|   10|           1|           2|
    |min_distance_list_2_fu_1065_p7     |     +    |      0|  0|   12|           3|           3|
    |vote_list_0_fu_1480_p2             |     +    |      0|  0|   39|           1|          32|
    |sub_ln4463_1_fu_1009_p2            |     -    |      0|  0|   12|           3|           3|
    |sub_ln4463_fu_955_p2               |     -    |      0|  0|   12|           3|           3|
    |sub_ln7535_1_fu_701_p2             |     -    |      0|  0|   12|           3|           3|
    |sub_ln7535_fu_623_p2               |     -    |      0|  0|   12|           3|           3|
    |and_ln4479_1_fu_1261_p2            |    and   |      0|  0|    2|           1|           1|
    |and_ln4479_fu_1216_p2              |    and   |      0|  0|    2|           1|           1|
    |ap_block_pp0_stage0_11001          |    and   |      0|  0|    2|           1|           1|
    |ap_block_pp0_stage1_11001          |    and   |      0|  0|    2|           1|           1|
    |ap_block_state10_pp0_stage0_iter1  |    and   |      0|  0|    2|           1|           1|
    |icmp_ln4141_1_fu_799_p2            |   icmp   |      0|  0|   13|           9|           9|
    |icmp_ln4141_2_fu_828_p2            |   icmp   |      0|  0|   13|           9|           9|
    |icmp_ln4141_3_fu_715_p2            |   icmp   |      0|  0|    9|           3|           3|
    |icmp_ln4141_fu_629_p2              |   icmp   |      0|  0|    9|           3|           3|
    |icmp_ln4149_fu_868_p2              |   icmp   |      0|  0|   13|           9|           9|
    |icmp_ln4454_fu_961_p2              |   icmp   |      0|  0|    9|           3|           3|
    |icmp_ln4456_fu_973_p2              |   icmp   |      0|  0|    8|           2|           2|
    |icmp_ln4463_1_fu_1102_p2           |   icmp   |      0|  0|   18|          32|          32|
    |icmp_ln4463_2_fu_1129_p2           |   icmp   |      0|  0|   18|          32|          32|
    |icmp_ln4463_3_fu_1144_p2           |   icmp   |      0|  0|    9|           4|           1|
    |icmp_ln4463_fu_1089_p2             |   icmp   |      0|  0|   18|          32|          32|
    |icmp_ln4474_1_fu_1186_p2           |   icmp   |      0|  0|   11|           6|           1|
    |icmp_ln4474_fu_1180_p2             |   icmp   |      0|  0|   11|           5|           1|
    |icmp_ln4479_1_fu_1244_p2           |   icmp   |      0|  0|   11|           6|           1|
    |icmp_ln4479_fu_1199_p2             |   icmp   |      0|  0|   11|           6|           2|
    |icmp_ln4520_fu_1396_p2             |   icmp   |      0|  0|    8|           2|           2|
    |icmp_ln4533_1_fu_1619_p2           |   icmp   |      0|  0|   18|          32|          32|
    |icmp_ln4533_2_fu_1681_p2           |   icmp   |      0|  0|   18|          32|          32|
    |icmp_ln4533_3_fu_1732_p2           |   icmp   |      0|  0|   18|          32|          32|
    |icmp_ln4533_4_fu_1777_p2           |   icmp   |      0|  0|   18|          32|          32|
    |icmp_ln4533_5_fu_1834_p2           |   icmp   |      0|  0|   18|          32|          32|
    |icmp_ln4533_6_fu_1882_p2           |   icmp   |      0|  0|   18|          32|          32|
    |icmp_ln4533_7_fu_1923_p2           |   icmp   |      0|  0|   18|          32|          32|
    |icmp_ln4533_8_fu_1970_p2           |   icmp   |      0|  0|   18|          32|          32|
    |icmp_ln4533_fu_1595_p2             |   icmp   |      0|  0|   18|          32|          32|
    |icmp_ln7472_fu_506_p2              |   icmp   |      0|  0|   13|           9|           7|
    |icmp_ln7529_fu_635_p2              |   icmp   |      0|  0|   13|           9|           7|
    |icmp_ln7531_fu_647_p2              |   icmp   |      0|  0|   11|           8|           6|
    |ap_block_state1                    |    or    |      0|  0|    2|           1|           1|
    |or_ln4141_fu_842_p2                |    or    |      0|  0|    2|           1|           1|
    |min_distance_list_0_1_fu_1230_p3   |  select  |      0|  0|   32|           1|          32|
    |min_distance_list_0_2_fu_1237_p3   |  select  |      0|  0|   32|           1|          32|
    |min_distance_list_0_3_fu_1275_p3   |  select  |      0|  0|   32|           1|          32|
    |min_distance_list_0_4_fu_1282_p3   |  select  |      0|  0|   32|           1|          32|
    |min_distance_list_1_3_fu_1192_p3   |  select  |      0|  0|   32|           1|          32|
    |phi_ln4533_6_fu_1937_p17           |  select  |      0|  0|    5|           1|           4|
    |phitmp_i_2_fu_1150_p3              |  select  |      0|  0|    3|           1|           3|
    |select_ln4141_1_fu_792_p3          |  select  |      0|  0|    9|           1|           9|
    |select_ln4141_2_fu_805_p3          |  select  |      0|  0|    9|           1|           9|
    |select_ln4141_3_fu_821_p3          |  select  |      0|  0|    9|           1|           9|
    |select_ln4141_4_fu_834_p3          |  select  |      0|  0|    3|           1|           3|
    |select_ln4141_5_fu_860_p3          |  select  |      0|  0|    9|           1|           9|
    |select_ln4141_6_fu_848_p3          |  select  |      0|  0|    2|           1|           2|
    |select_ln4141_fu_777_p3            |  select  |      0|  0|    9|           1|           9|
    |select_ln4454_fu_1023_p3           |  select  |      0|  0|    2|           1|           2|
    |select_ln4463_1_fu_1117_p3         |  select  |      0|  0|    6|           1|           6|
    |select_ln4463_2_fu_1162_p3         |  select  |      0|  0|    6|           1|           6|
    |select_ln4463_3_fu_979_p3          |  select  |      0|  0|    2|           1|           1|
    |select_ln4463_4_fu_1015_p3         |  select  |      0|  0|    3|           1|           3|
    |select_ln4463_fu_1094_p3           |  select  |      0|  0|    6|           1|           1|
    |select_ln4474_2_fu_1249_p3         |  select  |      0|  0|   32|           1|          32|
    |select_ln4474_4_fu_1289_p3         |  select  |      0|  0|   32|           1|           4|
    |select_ln4474_fu_1204_p3           |  select  |      0|  0|   32|           1|          32|
    |select_ln4479_2_fu_1267_p3         |  select  |      0|  0|   32|           1|           4|
    |select_ln4479_fu_1222_p3           |  select  |      0|  0|   32|           1|           4|
    |select_ln4533_1_fu_1625_p3         |  select  |      0|  0|    3|           1|           2|
    |select_ln4533_2_fu_1686_p3         |  select  |      0|  0|    2|           1|           2|
    |select_ln4533_3_fu_1744_p3         |  select  |      0|  0|    4|           1|           3|
    |select_ln4533_4_fu_1783_p3         |  select  |      0|  0|    3|           1|           3|
    |select_ln4533_5_fu_1839_p3         |  select  |      0|  0|    3|           1|           3|
    |select_ln4533_6_fu_1891_p3         |  select  |      0|  0|    3|           1|           3|
    |select_ln4533_8_fu_1975_p3         |  select  |      0|  0|    4|           1|           4|
    |select_ln4533_fu_1611_p3           |  select  |      0|  0|   32|           1|          32|
    |select_ln7535_1_fu_671_p3          |  select  |      0|  0|    2|           1|           2|
    |select_ln7535_2_fu_707_p3          |  select  |      0|  0|    3|           1|           3|
    |select_ln7535_3_fu_721_p3          |  select  |      0|  0|    2|           1|           1|
    |select_ln7535_fu_653_p3            |  select  |      0|  0|    8|           1|           1|
    |ap_enable_pp0                      |    xor   |      0|  0|    2|           1|           2|
    |ap_enable_pp1                      |    xor   |      0|  0|    2|           1|           2|
    |ap_enable_pp2                      |    xor   |      0|  0|    2|           1|           2|
    |ap_enable_reg_pp1_iter1            |    xor   |      0|  0|    2|           2|           1|
    |ap_enable_reg_pp2_iter1            |    xor   |      0|  0|    2|           2|           1|
    |not_icmp_ln4463_fu_1107_p2         |    xor   |      0|  0|    2|           1|           2|
    |ret_V_fu_764_p2                    |    xor   |      0|  0|  196|         196|         196|
    |xor_ln4474_1_fu_1256_p2            |    xor   |      0|  0|    2|           1|           2|
    |xor_ln4474_fu_1211_p2              |    xor   |      0|  0|    2|           1|           2|
    |xor_ln4533_fu_1601_p2              |    xor   |      0|  0|    2|           1|           2|
    +-----------------------------------+----------+-------+---+-----+------------+------------+
    |Total                              |          |      0|  0| 1317|         795|        1122|
    +-----------------------------------+----------+-------+---+-----+------------+------------+

    * Multiplexer: 
    +---------------------------------------------------+-----+-----------+-----+-----------+
    |                        Name                       | LUT | Input Size| Bits| Total Bits|
    +---------------------------------------------------+-----+-----------+-----+-----------+
    |Input_1_V_V_blk_n                                  |    9|          2|    1|          2|
    |Output_1_V_V_blk_n                                 |    9|          2|    1|          2|
    |ap_NS_fsm                                          |  169|         38|    1|         38|
    |ap_done                                            |    9|          2|    1|          2|
    |ap_enable_reg_pp0_iter1                            |    9|          2|    1|          2|
    |ap_enable_reg_pp1_iter1                            |    9|          2|    1|          2|
    |ap_enable_reg_pp1_iter11                           |    9|          2|    1|          2|
    |ap_enable_reg_pp2_iter1                            |    9|          2|    1|          2|
    |ap_enable_reg_pp2_iter2                            |    9|          2|    1|          2|
    |ap_phi_mux_i_0_phi_fu_298_p4                       |    9|          2|    9|         18|
    |ap_phi_mux_j_0_phi_fu_321_p4                       |    9|          2|    2|          4|
    |ap_phi_mux_min_distance_list_1_1_phi_fu_414_p4     |    9|          2|   32|         64|
    |ap_phi_mux_min_distance_list_2_1_11_phi_fu_404_p4  |    9|          2|   32|         64|
    |ap_phi_mux_min_distance_list_2_1_phi_fu_394_p4     |    9|          2|   32|         64|
    |ap_sig_allocacmp_knn_set_0_load                    |    9|          2|    9|         18|
    |ap_sig_allocacmp_knn_set_1_load                    |    9|          2|    9|         18|
    |ap_sig_allocacmp_knn_set_2_load                    |    9|          2|    9|         18|
    |ap_sig_allocacmp_knn_set_3_load                    |    9|          2|    9|         18|
    |ap_sig_allocacmp_knn_set_4_load                    |    9|          2|    9|         18|
    |ap_sig_allocacmp_knn_set_load                      |    9|          2|    9|         18|
    |grp_load_fu_448_p1                                 |   15|          3|   11|         33|
    |grp_load_fu_452_p1                                 |   15|          3|   11|         33|
    |grp_load_fu_456_p1                                 |   15|          3|   11|         33|
    |grp_load_fu_460_p1                                 |   15|          3|   11|         33|
    |grp_load_fu_464_p1                                 |   15|          3|   11|         33|
    |grp_load_fu_468_p1                                 |   15|          3|   11|         33|
    |i1_0_i_reg_432                                     |    9|          2|    2|          4|
    |i3_0_reg_328                                       |    9|          2|    8|         16|
    |i_0_i_reg_350                                      |    9|          2|    2|          4|
    |i_0_reg_294                                        |    9|          2|    9|         18|
    |indvar_flatten11_reg_339                           |    9|          2|    3|          6|
    |indvar_flatten_reg_306                             |    9|          2|    9|         18|
    |j_0_i_reg_421                                      |    9|          2|    2|          4|
    |j_0_reg_317                                        |    9|          2|    2|          4|
    |knn_set                                            |    9|          2|    9|         18|
    |knn_set_0                                          |    9|          2|    9|         18|
    |knn_set_1                                          |    9|          2|    9|         18|
    |knn_set_2                                          |    9|          2|    9|         18|
    |knn_set_3                                          |    9|          2|    9|         18|
    |knn_set_4                                          |    9|          2|    9|         18|
    |label_list_1_1_reg_381                             |    9|          2|   32|         64|
    |label_list_2_14_reg_361                            |    9|          2|   32|         64|
    |label_list_2_1_reg_371                             |    9|          2|   32|         64|
    |min_distance_list_1_1_reg_411                      |    9|          2|   32|         64|
    |min_distance_list_2_1_11_reg_401                   |    9|          2|   32|         64|
    |min_distance_list_2_1_reg_391                      |    9|          2|   32|         64|
    |training_set_V_4_address0                          |   15|          3|    9|         27|
    |vote_list_9_10_fu_220                              |    9|          2|   32|         64|
    |vote_list_9_11_fu_224                              |    9|          2|   32|         64|
    |vote_list_9_12_fu_228                              |    9|          2|   32|         64|
    |vote_list_9_13_fu_232                              |    9|          2|   32|         64|
    |vote_list_9_14_fu_236                              |    9|          2|   32|         64|
    |vote_list_9_15_fu_240                              |    9|          2|   32|         64|
    |vote_list_9_16_fu_244                              |    9|          2|   32|         64|
    |vote_list_9_17_fu_248                              |    9|          2|   32|         64|
    |vote_list_9_18_fu_252                              |    9|          2|   32|         64|
    |vote_list_9_19_fu_256                              |    9|          2|   32|         64|
    |vote_list_9_1_fu_184                               |    9|          2|   32|         64|
    |vote_list_9_2_fu_188                               |    9|          2|   32|         64|
    |vote_list_9_3_fu_192                               |    9|          2|   32|         64|
    |vote_list_9_4_fu_196                               |    9|          2|   32|         64|
    |vote_list_9_5_fu_200                               |    9|          2|   32|         64|
    |vote_list_9_6_fu_204                               |    9|          2|   32|         64|
    |vote_list_9_7_fu_208                               |    9|          2|   32|         64|
    |vote_list_9_8_fu_212                               |    9|          2|   32|         64|
    |vote_list_9_9_fu_216                               |    9|          2|   32|         64|
    |vote_list_9_fu_180                                 |    9|          2|   32|         64|
    +---------------------------------------------------+-----+-----------+-----+-----------+
    |Total                                              |  805|        177| 1168|       2447|
    +---------------------------------------------------+-----+-----------+-----+-----------+

    * Register: 
    +--------------------------------------------+-----+----+-----+-----------+
    |                    Name                    |  FF | LUT| Bits| Const Bits|
    +--------------------------------------------+-----+----+-----+-----------+
    |ap_CS_fsm                                   |   37|   0|   37|          0|
    |ap_done_reg                                 |    1|   0|    1|          0|
    |ap_enable_reg_pp0_iter0                     |    1|   0|    1|          0|
    |ap_enable_reg_pp0_iter1                     |    1|   0|    1|          0|
    |ap_enable_reg_pp1_iter0                     |    1|   0|    1|          0|
    |ap_enable_reg_pp1_iter1                     |    1|   0|    1|          0|
    |ap_enable_reg_pp1_iter10                    |    1|   0|    1|          0|
    |ap_enable_reg_pp1_iter11                    |    1|   0|    1|          0|
    |ap_enable_reg_pp1_iter2                     |    1|   0|    1|          0|
    |ap_enable_reg_pp1_iter3                     |    1|   0|    1|          0|
    |ap_enable_reg_pp1_iter4                     |    1|   0|    1|          0|
    |ap_enable_reg_pp1_iter5                     |    1|   0|    1|          0|
    |ap_enable_reg_pp1_iter6                     |    1|   0|    1|          0|
    |ap_enable_reg_pp1_iter7                     |    1|   0|    1|          0|
    |ap_enable_reg_pp1_iter8                     |    1|   0|    1|          0|
    |ap_enable_reg_pp1_iter9                     |    1|   0|    1|          0|
    |ap_enable_reg_pp2_iter0                     |    1|   0|    1|          0|
    |ap_enable_reg_pp2_iter1                     |    1|   0|    1|          0|
    |ap_enable_reg_pp2_iter2                     |    1|   0|    1|          0|
    |i1_0_i_reg_432                              |    2|   0|    2|          0|
    |i3_0_reg_328                                |    8|   0|    8|          0|
    |i_0_i_reg_350                               |    2|   0|    2|          0|
    |i_0_reg_294                                 |    9|   0|    9|          0|
    |i_reg_2010                                  |    9|   0|    9|          0|
    |icmp_ln4141_2_reg_2111                      |    1|   0|    1|          0|
    |icmp_ln4454_reg_2127                        |    1|   0|    1|          0|
    |icmp_ln4454_reg_2127_pp2_iter1_reg          |    1|   0|    1|          0|
    |icmp_ln4474_1_reg_2169                      |    1|   0|    1|          0|
    |icmp_ln4474_reg_2162                        |    1|   0|    1|          0|
    |icmp_ln4533_3_reg_2432                      |    1|   0|    1|          0|
    |icmp_ln4533_6_reg_2479                      |    1|   0|    1|          0|
    |icmp_ln7472_reg_2006                        |    1|   0|    1|          0|
    |icmp_ln7529_reg_2045                        |    1|   0|    1|          0|
    |index                                       |    1|   0|    1|          0|
    |index_load_reg_2002                         |    1|   0|    1|          0|
    |indvar_flatten11_reg_339                    |    3|   0|    3|          0|
    |indvar_flatten_reg_306                      |    9|   0|    9|          0|
    |j_0_i_reg_421                               |    2|   0|    2|          0|
    |j_0_reg_317                                 |    2|   0|    2|          0|
    |knn_set                                     |    9|   0|   11|          2|
    |knn_set_0                                   |    9|   0|   11|          2|
    |knn_set_1                                   |    9|   0|   11|          2|
    |knn_set_2                                   |    9|   0|   11|          2|
    |knn_set_3                                   |    9|   0|   11|          2|
    |knn_set_4                                   |    9|   0|   11|          2|
    |label_list_1_1_reg_381                      |   32|   0|   32|          0|
    |label_list_2_14_reg_361                     |   32|   0|   32|          0|
    |label_list_2_1_reg_371                      |   32|   0|   32|          0|
    |lhs_V_reg_2040                              |  196|   0|  196|          0|
    |min_distance_list_1_1_reg_411               |   32|   0|   32|          0|
    |min_distance_list_1_3_reg_2177              |   32|   0|   32|          0|
    |min_distance_list_2_1_11_reg_401            |   32|   0|   32|          0|
    |min_distance_list_2_1_reg_391               |   32|   0|   32|          0|
    |min_distance_list_2_reg_2141                |   32|   0|   32|          0|
    |min_distance_list_2_reg_2141_pp2_iter1_reg  |   32|   0|   32|          0|
    |mul_ln7535_reg_2064                         |   15|   0|   15|          0|
    |phi_ln4533_3_reg_2449                       |   32|   0|   32|          0|
    |phi_ln4533_6_reg_2489                       |   32|   0|   32|          0|
    |phi_ln_reg_2393                             |   32|   0|   32|          0|
    |reg_472                                     |   32|   0|   32|          0|
    |reg_477                                     |   32|   0|   32|          0|
    |reg_481                                     |   32|   0|   32|          0|
    |reg_485                                     |   32|   0|   32|          0|
    |reg_489                                     |   32|   0|   32|          0|
    |reg_493                                     |   32|   0|   32|          0|
    |reg_497                                     |   32|   0|   32|          0|
    |ret_V_reg_2096                              |  196|   0|  196|          0|
    |select_ln4141_2_reg_2101                    |    9|   0|    9|          0|
    |select_ln4141_3_reg_2106                    |    9|   0|    9|          0|
    |select_ln4141_6_reg_2116                    |    2|   0|    2|          0|
    |select_ln4463_2_reg_2156                    |    4|   0|    6|          2|
    |select_ln4533_1_reg_2388                    |    2|   0|    2|          0|
    |select_ln4533_2_reg_2427                    |    2|   0|    2|          0|
    |select_ln4533_4_reg_2444                    |    3|   0|    3|          0|
    |select_ln4533_5_reg_2474                    |    3|   0|    3|          0|
    |select_ln4533_7_reg_2484                    |    4|   0|    4|          0|
    |select_ln7535_1_reg_2059                    |    2|   0|    2|          0|
    |select_ln7535_2_reg_2069                    |    3|   0|    3|          0|
    |select_ln7535_3_reg_2074                    |    1|   0|    1|          0|
    |select_ln7535_reg_2054                      |    8|   0|    8|          0|
    |select_ln7535_reg_2054_pp1_iter1_reg        |    8|   0|    8|          0|
    |tmp_V_23_reg_2020                           |   32|   0|   32|          0|
    |tmp_V_24_reg_2025                           |   32|   0|   32|          0|
    |tmp_V_25_reg_2030                           |   32|   0|   32|          0|
    |tmp_V_26_reg_2035                           |   32|   0|   32|          0|
    |trunc_ln414_reg_2015                        |    4|   0|    4|          0|
    |trunc_ln7535_mid2_reg_2086                  |    9|   0|    9|          0|
    |vote_list_9_10_fu_220                       |   32|   0|   32|          0|
    |vote_list_9_11_fu_224                       |   32|   0|   32|          0|
    |vote_list_9_12_fu_228                       |   32|   0|   32|          0|
    |vote_list_9_13_fu_232                       |   32|   0|   32|          0|
    |vote_list_9_14_fu_236                       |   32|   0|   32|          0|
    |vote_list_9_15_fu_240                       |   32|   0|   32|          0|
    |vote_list_9_16_fu_244                       |   32|   0|   32|          0|
    |vote_list_9_17_fu_248                       |   32|   0|   32|          0|
    |vote_list_9_18_fu_252                       |   32|   0|   32|          0|
    |vote_list_9_19_fu_256                       |   32|   0|   32|          0|
    |vote_list_9_1_fu_184                        |   32|   0|   32|          0|
    |vote_list_9_2_fu_188                        |   32|   0|   32|          0|
    |vote_list_9_3_fu_192                        |   32|   0|   32|          0|
    |vote_list_9_4_fu_196                        |   32|   0|   32|          0|
    |vote_list_9_5_fu_200                        |   32|   0|   32|          0|
    |vote_list_9_6_fu_204                        |   32|   0|   32|          0|
    |vote_list_9_7_fu_208                        |   32|   0|   32|          0|
    |vote_list_9_8_fu_212                        |   32|   0|   32|          0|
    |vote_list_9_9_fu_216                        |   32|   0|   32|          0|
    |vote_list_9_fu_180                          |   32|   0|   32|          0|
    |icmp_ln7529_reg_2045                        |   64|  32|    1|          0|
    |select_ln7535_2_reg_2069                    |   64|  32|    3|          0|
    |select_ln7535_3_reg_2074                    |   64|  32|    1|          0|
    +--------------------------------------------+-----+----+-----+-----------+
    |Total                                       | 2214|  96| 2041|         14|
    +--------------------------------------------+-----+----+-----+-----------+



================================================================
== Interface
================================================================
* Summary: 
+---------------------+-----+-----+------------+--------------+--------------+
|      RTL Ports      | Dir | Bits|  Protocol  | Source Object|    C Type    |
+---------------------+-----+-----+------------+--------------+--------------+
|ap_clk               |  in |    1| ap_ctrl_hs | update_knn20 | return value |
|ap_rst               |  in |    1| ap_ctrl_hs | update_knn20 | return value |
|ap_start             |  in |    1| ap_ctrl_hs | update_knn20 | return value |
|ap_done              | out |    1| ap_ctrl_hs | update_knn20 | return value |
|ap_continue          |  in |    1| ap_ctrl_hs | update_knn20 | return value |
|ap_idle              | out |    1| ap_ctrl_hs | update_knn20 | return value |
|ap_ready             | out |    1| ap_ctrl_hs | update_knn20 | return value |
|Input_1_V_V_dout     |  in |   32|   ap_fifo  |  Input_1_V_V |    pointer   |
|Input_1_V_V_empty_n  |  in |    1|   ap_fifo  |  Input_1_V_V |    pointer   |
|Input_1_V_V_read     | out |    1|   ap_fifo  |  Input_1_V_V |    pointer   |
|Output_1_V_V         | out |   32|    ap_hs   | Output_1_V_V |    pointer   |
|Output_1_V_V_ap_vld  | out |    1|    ap_hs   | Output_1_V_V |    pointer   |
|Output_1_V_V_ap_ack  |  in |    1|    ap_hs   | Output_1_V_V |    pointer   |
+---------------------+-----+-----+------------+--------------+--------------+

